Component: Arm Compiler for Embedded 6.19 Tool: armlink [5e73cb00]

==============================================================================

Section Cross References

    main.o(.ARM.exidx.text.delay_ms) refers to main.o(.text.delay_ms) for [Anonymous Symbol]
    main.o(.text.config_uart) refers to stm32f10x_rcc.o(.text.RCC_APB2PeriphClockCmd) for RCC_APB2PeriphClockCmd
    main.o(.text.config_uart) refers to stm32f10x_gpio.o(.text.GPIO_Init) for GPIO_Init
    main.o(.text.config_uart) refers to stm32f10x_usart.o(.text.USART_Init) for USART_Init
    main.o(.text.config_uart) refers to stm32f10x_usart.o(.text.USART_Cmd) for USART_Cmd
    main.o(.ARM.exidx.text.config_uart) refers to main.o(.text.config_uart) for [Anonymous Symbol]
    main.o(.text.USART1_SendChar) refers to stm32f10x_usart.o(.text.USART_SendData) for USART_SendData
    main.o(.text.USART1_SendChar) refers to stm32f10x_usart.o(.text.USART_GetFlagStatus) for USART_GetFlagStatus
    main.o(.ARM.exidx.text.USART1_SendChar) refers to main.o(.text.USART1_SendChar) for [Anonymous Symbol]
    main.o(.text.USART1_SendString) refers to main.o(.text.USART1_SendChar) for USART1_SendChar
    main.o(.ARM.exidx.text.USART1_SendString) refers to main.o(.text.USART1_SendString) for [Anonymous Symbol]
    main.o(.text.Config_I2C) refers to stm32f10x_rcc.o(.text.RCC_APB2PeriphClockCmd) for RCC_APB2PeriphClockCmd
    main.o(.text.Config_I2C) refers to stm32f10x_rcc.o(.text.RCC_APB1PeriphClockCmd) for RCC_APB1PeriphClockCmd
    main.o(.text.Config_I2C) refers to stm32f10x_gpio.o(.text.GPIO_Init) for GPIO_Init
    main.o(.text.Config_I2C) refers to stm32f10x_i2c.o(.text.I2C_Init) for I2C_Init
    main.o(.text.Config_I2C) refers to stm32f10x_i2c.o(.text.I2C_Cmd) for I2C_Cmd
    main.o(.ARM.exidx.text.Config_I2C) refers to main.o(.text.Config_I2C) for [Anonymous Symbol]
    main.o(.text.I2C_WriteByte) refers to stm32f10x_i2c.o(.text.I2C_GenerateSTART) for I2C_GenerateSTART
    main.o(.text.I2C_WriteByte) refers to stm32f10x_i2c.o(.text.I2C_CheckEvent) for I2C_CheckEvent
    main.o(.text.I2C_WriteByte) refers to stm32f10x_i2c.o(.text.I2C_Send7bitAddress) for I2C_Send7bitAddress
    main.o(.text.I2C_WriteByte) refers to stm32f10x_i2c.o(.text.I2C_SendData) for I2C_SendData
    main.o(.text.I2C_WriteByte) refers to stm32f10x_i2c.o(.text.I2C_GenerateSTOP) for I2C_GenerateSTOP
    main.o(.ARM.exidx.text.I2C_WriteByte) refers to main.o(.text.I2C_WriteByte) for [Anonymous Symbol]
    main.o(.text.BH1750_Init) refers to main.o(.text.delay_ms) for delay_ms
    main.o(.text.BH1750_Init) refers to main.o(.text.I2C_WriteByte) for I2C_WriteByte
    main.o(.ARM.exidx.text.BH1750_Init) refers to main.o(.text.BH1750_Init) for [Anonymous Symbol]
    main.o(.text.BH1750_ReadLight) refers to stm32f10x_i2c.o(.text.I2C_GenerateSTART) for I2C_GenerateSTART
    main.o(.text.BH1750_ReadLight) refers to stm32f10x_i2c.o(.text.I2C_CheckEvent) for I2C_CheckEvent
    main.o(.text.BH1750_ReadLight) refers to stm32f10x_i2c.o(.text.I2C_Send7bitAddress) for I2C_Send7bitAddress
    main.o(.text.BH1750_ReadLight) refers to stm32f10x_i2c.o(.text.I2C_ReceiveData) for I2C_ReceiveData
    main.o(.text.BH1750_ReadLight) refers to stm32f10x_i2c.o(.text.I2C_AcknowledgeConfig) for I2C_AcknowledgeConfig
    main.o(.text.BH1750_ReadLight) refers to stm32f10x_i2c.o(.text.I2C_GenerateSTOP) for I2C_GenerateSTOP
    main.o(.text.BH1750_ReadLight) refers to dflt_clz.o(x$fpl$dflt) for __aeabi_i2d
    main.o(.text.BH1750_ReadLight) refers to ddiv.o(x$fpl$ddiv) for __aeabi_ddiv
    main.o(.text.BH1750_ReadLight) refers to dfix.o(x$fpl$dfix) for __aeabi_d2iz
    main.o(.ARM.exidx.text.BH1750_ReadLight) refers to main.o(.text.BH1750_ReadLight) for [Anonymous Symbol]
    main.o(.text.main) refers to main.o(.text.Config_I2C) for Config_I2C
    main.o(.text.main) refers to main.o(.text.config_uart) for config_uart
    main.o(.text.main) refers to main.o(.rodata.str1.1) for .L.str
    main.o(.text.main) refers to main.o(.text.USART1_SendString) for USART1_SendString
    main.o(.text.main) refers to main.o(.text.BH1750_Init) for BH1750_Init
    main.o(.text.main) refers to main.o(.text.delay_ms) for delay_ms
    main.o(.text.main) refers to main.o(.text.BH1750_ReadLight) for BH1750_ReadLight
    main.o(.text.main) refers to main.o(.bss.rv) for rv
    main.o(.text.main) refers to main.o(.bss.buffer) for buffer
    main.o(.text.main) refers to sprintf.o(.text) for sprintf
    main.o(.ARM.exidx.text.main) refers to main.o(.text.main) for [Anonymous Symbol]
    misc.o(.ARM.exidx.text.NVIC_PriorityGroupConfig) refers to misc.o(.text.NVIC_PriorityGroupConfig) for [Anonymous Symbol]
    misc.o(.ARM.exidx.text.NVIC_Init) refers to misc.o(.text.NVIC_Init) for [Anonymous Symbol]
    misc.o(.ARM.exidx.text.NVIC_SetVectorTable) refers to misc.o(.text.NVIC_SetVectorTable) for [Anonymous Symbol]
    misc.o(.ARM.exidx.text.NVIC_SystemLPConfig) refers to misc.o(.text.NVIC_SystemLPConfig) for [Anonymous Symbol]
[...]
    ../clib/angel/sysapp.c                   0x00000000   Number         0  sys_exit.o ABSOLUTE
    ../clib/angel/sysapp.c                   0x00000000   Number         0  sys_exit_hlt.o ABSOLUTE
    ../clib/angel/sysapp.c                   0x00000000   Number         0  sys_command.o ABSOLUTE
    ../clib/angel/sysapp.c                   0x00000000   Number         0  sys_command_hlt.o ABSOLUTE
    ../clib/angel/sysapp.c                   0x00000000   Number         0  sys_wrch.o ABSOLUTE
    ../clib/angel/sysapp.c                   0x00000000   Number         0  sys_wrch_hlt.o ABSOLUTE
    ../clib/armsys.c                         0x00000000   Number         0  argv_veneer.o ABSOLUTE
    ../clib/armsys.c                         0x00000000   Number         0  argv_veneer.o ABSOLUTE
    ../clib/armsys.c                         0x00000000   Number         0  _get_argv_nomalloc.o ABSOLUTE
    ../clib/armsys.c                         0x00000000   Number         0  no_argv.o ABSOLUTE
    ../clib/bigflt.c                         0x00000000   Number         0  bigflt0.o ABSOLUTE
    ../clib/btod.s                           0x00000000   Number         0  btod.o ABSOLUTE
    ../clib/btod_accurate.c                  0x00000000   Number         0  btod_accurate.o ABSOLUTE
    ../clib/btod_accurate.c                  0x00000000   Number         0  btod_accurate_common.o ABSOLUTE
    ../clib/heapalloc.c                      0x00000000   Number         0  hrguard.o ABSOLUTE
    ../clib/heapaux.c                        0x00000000   Number         0  heapauxi.o ABSOLUTE
    ../clib/libinit.s                        0x00000000   Number         0  libinit.o ABSOLUTE
    ../clib/libinit.s                        0x00000000   Number         0  libinit2.o ABSOLUTE
    ../clib/libinit.s                        0x00000000   Number         0  libshutdown.o ABSOLUTE
    ../clib/libinit.s                        0x00000000   Number         0  libshutdown2.o ABSOLUTE
    ../clib/locale.c                         0x00000000   Number         0  _c16rtomb.o ABSOLUTE
    ../clib/locale.s                         0x00000000   Number         0  lc_numeric_c.o ABSOLUTE
    ../clib/locale.s                         0x00000000   Number         0  lc_ctype_c.o ABSOLUTE
    ../clib/longlong.s                       0x00000000   Number         0  lludiv10.o ABSOLUTE
    ../clib/longlong.s                       0x00000000   Number         0  llushr.o ABSOLUTE
    ../clib/memcpset.s                       0x00000000   Number         0  strcmpv7m.o ABSOLUTE
    ../clib/misc.s                           0x00000000   Number         0  printf_stubs.o ABSOLUTE
    ../clib/printf.c                         0x00000000   Number         0  sprintf.o ABSOLUTE
    ../clib/printf.c                         0x00000000   Number         0  __printf.o ABSOLUTE
    ../clib/printf.c                         0x00000000   Number         0  _printf_pad.o ABSOLUTE
    ../clib/printf.c                         0x00000000   Number         0  _printf_truncate.o ABSOLUTE
    ../clib/printf.c                         0x00000000   Number         0  _printf_str.o ABSOLUTE
    ../clib/printf.c                         0x00000000   Number         0  _printf_dec.o ABSOLUTE
    ../clib/printf.c                         0x00000000   Number         0  _printf_charcount.o ABSOLUTE
    ../clib/printf.c                         0x00000000   Number         0  _printf_char_common.o ABSOLUTE
    ../clib/printf.c                         0x00000000   Number         0  _sputc.o ABSOLUTE
    ../clib/printf.c                         0x00000000   Number         0  _printf_wctomb.o ABSOLUTE
    ../clib/printf.c                         0x00000000   Number         0  _printf_longlong_dec.o ABSOLUTE
    ../clib/printf.c                         0x00000000   Number         0  _printf_oct_ll.o ABSOLUTE
    ../clib/printf.c                         0x00000000   Number         0  _printf_oct_int.o ABSOLUTE
    ../clib/printf.c                         0x00000000   Number         0  _printf_oct_int_ll.o ABSOLUTE
    ../clib/printf.c                         0x00000000   Number         0  _printf_hex_ll.o ABSOLUTE
    ../clib/printf.c                         0x00000000   Number         0  _printf_hex_int.o ABSOLUTE
    ../clib/printf.c                         0x00000000   Number         0  _printf_hex_int_ll.o ABSOLUTE
    ../clib/printf.c                         0x00000000   Number         0  _printf_hex_ptr.o ABSOLUTE
    ../clib/printf.c                         0x00000000   Number         0  _printf_hex_int_ptr.o ABSOLUTE
    ../clib/printf.c                         0x00000000   Number         0  _printf_hex_ll_ptr.o ABSOLUTE
    ../clib/printf.c                         0x00000000   Number         0  _printf_hex_int_ll_ptr.o ABSOLUTE
    ../clib/printf.c                         0x00000000   Number         0  __printf_flags.o ABSOLUTE
    ../clib/printf.c                         0x00000000   Number         0  __printf_ss.o ABSOLUTE
    ../clib/printf.c                         0x00000000   Number         0  __printf_flags_ss.o ABSOLUTE
    ../clib/printf.c                         0x00000000   Number         0  __printf_wp.o ABSOLUTE
    ../clib/printf.c                         0x00000000   Number         0  __printf_flags_wp.o ABSOLUTE
    ../clib/printf.c                         0x00000000   Number         0  __printf_ss_wp.o ABSOLUTE
    ../clib/printf.c                         0x00000000   Number         0  __printf_flags_ss_wp.o ABSOLUTE
    ../clib/printf.c                         0x00000000   Number         0  _printf_intcommon.o ABSOLUTE
    ../clib/printf.c                         0x00000000   Number         0  _printf_fp_dec.o ABSOLUTE
    ../clib/printf.c                         0x00000000   Number         0  _printf_fp_dec_accurate.o ABSOLUTE
    ../clib/printf.c                         0x00000000   Number         0  _printf_fp_hex.o ABSOLUTE
    ../clib/printf.c                         0x00000000   Number         0  __printf_nopercent.o ABSOLUTE
    ../clib/printf.c                         0x00000000   Number         0  _printf_char.o ABSOLUTE
    ../clib/printf.c                         0x00000000   Number         0  _printf_wchar.o ABSOLUTE
    ../clib/printf.c                         0x00000000   Number         0  _printf_fp_infnan.o ABSOLUTE
    ../clib/printf_percent.s                 0x00000000   Number         0  _printf_c.o ABSOLUTE
    ../clib/printf_percent.s                 0x00000000   Number         0  _printf_s.o ABSOLUTE
    ../clib/printf_percent.s                 0x00000000   Number         0  _printf_n.o ABSOLUTE
    ../clib/printf_percent.s                 0x00000000   Number         0  _printf_x.o ABSOLUTE
    ../clib/printf_percent.s                 0x00000000   Number         0  _printf_p.o ABSOLUTE
    ../clib/printf_percent.s                 0x00000000   Number         0  _printf_o.o ABSOLUTE
    ../clib/printf_percent.s                 0x00000000   Number         0  _printf_i.o ABSOLUTE
    ../clib/printf_percent.s                 0x00000000   Number         0  _printf_d.o ABSOLUTE
    ../clib/printf_percent.s                 0x00000000   Number         0  _printf_u.o ABSOLUTE
    ../clib/printf_percent.s                 0x00000000   Number         0  _printf_f.o ABSOLUTE
    ../clib/printf_percent.s                 0x00000000   Number         0  _printf_e.o ABSOLUTE
    ../clib/printf_percent.s                 0x00000000   Number         0  _printf_g.o ABSOLUTE
    ../clib/printf_percent.s                 0x00000000   Number         0  _printf_a.o ABSOLUTE
    ../clib/printf_percent.s                 0x00000000   Number         0  _printf_percent.o ABSOLUTE
    ../clib/printf_percent.s                 0x00000000   Number         0  _printf_lli.o ABSOLUTE
    ../clib/printf_percent.s                 0x00000000   Number         0  _printf_lld.o ABSOLUTE
    ../clib/printf_percent.s                 0x00000000   Number         0  _printf_llu.o ABSOLUTE
    ../clib/printf_percent.s                 0x00000000   Number         0  _printf_ll.o ABSOLUTE
    ../clib/printf_percent.s                 0x00000000   Number         0  _printf_l.o ABSOLUTE
    ../clib/printf_percent.s                 0x00000000   Number         0  _printf_lc.o ABSOLUTE
    ../clib/printf_percent.s                 0x00000000   Number         0  _printf_ls.o ABSOLUTE
    ../clib/printf_percent.s                 0x00000000   Number         0  _printf_llo.o ABSOLUTE
    ../clib/printf_percent.s                 0x00000000   Number         0  _printf_llx.o ABSOLUTE
    ../clib/printf_percent.s                 0x00000000   Number         0  _printf_percent_end.o ABSOLUTE
    ../clib/signal.c                         0x00000000   Number         0  defsig_rtmem_outer.o ABSOLUTE
    ../clib/signal.c                         0x00000000   Number         0  defsig_rtmem_formal.o ABSOLUTE
    ../clib/signal.c                         0x00000000   Number         0  defsig_exit.o ABSOLUTE
    ../clib/signal.c                         0x00000000   Number         0  defsig_rtmem_inner.o ABSOLUTE
    ../clib/signal.c                         0x00000000   Number         0  __raise.o ABSOLUTE
    ../clib/signal.c                         0x00000000   Number         0  defsig_general.o ABSOLUTE
    ../clib/signal.c                         0x00000000   Number         0  defsig_abrt_inner.o ABSOLUTE
    ../clib/signal.c                         0x00000000   Number         0  defsig_fpe_inner.o ABSOLUTE
    ../clib/signal.c                         0x00000000   Number         0  defsig_rtred_inner.o ABSOLUTE
    ../clib/signal.c                         0x00000000   Number         0  defsig_stak_inner.o ABSOLUTE
    ../clib/signal.c                         0x00000000   Number         0  defsig_pvfn_inner.o ABSOLUTE
    ../clib/signal.c                         0x00000000   Number         0  defsig_cppl_inner.o ABSOLUTE
    ../clib/signal.c                         0x00000000   Number         0  defsig_segv_inner.o ABSOLUTE
    ../clib/signal.c                         0x00000000   Number         0  defsig_other.o ABSOLUTE
    ../clib/signal.s                         0x00000000   Number         0  defsig.o ABSOLUTE
    ../clib/stdlib.c                         0x00000000   Number         0  exit.o ABSOLUTE
    ../fplib/ddiv.s                          0x00000000   Number         0  ddiv.o ABSOLUTE
    ../fplib/dfix.s                          0x00000000   Number         0  dfix.o ABSOLUTE
    ../fplib/dflt.s                          0x00000000   Number         0  dflt_clz.o ABSOLUTE
    ../fplib/dnaninf.s                       0x00000000   Number         0  dnaninf.o ABSOLUTE
    ../fplib/dretinf.s                       0x00000000   Number         0  dretinf.o ABSOLUTE
    ../fplib/fpinit.s                        0x00000000   Number         0  fpinit.o ABSOLUTE
    ../fplib/fpinit_empty.s                  0x00000000   Number         0  fpinit_empty.o ABSOLUTE
    ../fplib/istatus.s                       0x00000000   Number         0  istatus.o ABSOLUTE
    ../fplib/printf1.s                       0x00000000   Number         0  printf1.o ABSOLUTE
    ../fplib/printf2.s                       0x00000000   Number         0  printf2.o ABSOLUTE
    ../fplib/printf2a.s                      0x00000000   Number         0  printf2a.o ABSOLUTE
    ../fplib/printf2b.s                      0x00000000   Number         0  printf2b.o ABSOLUTE
    ../fplib/usenofp.s                       0x00000000   Number         0  usenofp.o ABSOLUTE
    ../mathlib/fpclassify.c                  0x00000000   Number         0  fpclassify.o ABSOLUTE
    RTE/Device/STM32F103C8/startup_stm32f10x_md.s 0x00000000   Number         0  startup_stm32f10x_md.o ABSOLUTE
    dc.s                                     0x00000000   Number         0  dc.o ABSOLUTE
    main.c                                   0x00000000   Number         0  main.o ABSOLUTE
    misc.c                                   0x00000000   Number         0  misc.o ABSOLUTE
    stm32f10x_gpio.c                         0x00000000   Number         0  stm32f10x_gpio.o ABSOLUTE
    stm32f10x_i2c.c                          0x00000000   Number         0  stm32f10x_i2c.o ABSOLUTE
    stm32f10x_rcc.c                          0x00000000   Number         0  stm32f10x_rcc.o ABSOLUTE
    stm32f10x_rtc.c                          0x00000000   Number         0  stm32f10x_rtc.o ABSOLUTE
    stm32f10x_usart.c                        0x00000000   Number         0  stm32f10x_usart.o ABSOLUTE
    system_stm32f10x.c                       0x00000000   Number         0  system_stm32f10x.o ABSOLUTE
    RESET                                    0x08000000   Section      236  startup_stm32f10x_md.o(RESET)
    !!!main                                  0x080000ec   Section        8  __main.o(!!!main)
    !!!scatter                               0x080000f4   Section       52  __scatter.o(!!!scatter)
    !!handler_zi                             0x08000128   Section       28  __scatter_zi.o(!!handler_zi)
    .ARM.Collect$$_printf_percent$$00000000  0x08000144   Section        0  _printf_percent.o(.ARM.Collect$$_printf_percent$$00000000)
    .ARM.Collect$$_printf_percent$$00000001  0x08000144   Section        6  _printf_n.o(.ARM.Collect$$_printf_percent$$00000001)
    .ARM.Collect$$_printf_percent$$00000002  0x0800014a   Section        6  _printf_p.o(.ARM.Collect$$_printf_percent$$00000002)
    .ARM.Collect$$_printf_percent$$00000003  0x08000150   Section        6  _printf_f.o(.ARM.Collect$$_printf_percent$$00000003)
    .ARM.Collect$$_printf_percent$$00000004  0x08000156   Section        6  _printf_e.o(.ARM.Collect$$_printf_percent$$00000004)
    .ARM.Collect$$_printf_percent$$00000005  0x0800015c   Section        6  _printf_g.o(.ARM.Collect$$_printf_percent$$00000005)
    .ARM.Collect$$_printf_percent$$00000006  0x08000162   Section        6  _printf_a.o(.ARM.Collect$$_printf_percent$$00000006)
    .ARM.Collect$$_printf_percent$$00000007  0x08000168   Section       10  _printf_ll.o(.ARM.Collect$$_printf_percent$$00000007)
    .ARM.Collect$$_printf_percent$$00000008  0x08000172   Section        6  _printf_i.o(.ARM.Collect$$_printf_percent$$00000008)
    .ARM.Collect$$_printf_percent$$00000009  0x08000178   Section        6  _printf_d.o(.ARM.Collect$$_printf_percent$$00000009)
    .ARM.Collect$$_printf_percent$$0000000A  0x0800017e   Section        6  _printf_u.o(.ARM.Collect$$_printf_percent$$0000000A)
    .ARM.Collect$$_printf_percent$$0000000B  0x08000184   Section        6  _printf_o.o(.ARM.Collect$$_printf_percent$$0000000B)
    .ARM.Collect$$_printf_percent$$0000000C  0x0800018a   Section        6  _printf_x.o(.ARM.Collect$$_printf_percent$$0000000C)
    .ARM.Collect$$_printf_percent$$0000000D  0x08000190   Section        6  _printf_lli.o(.ARM.Collect$$_printf_percent$$0000000D)
    .ARM.Collect$$_printf_percent$$0000000E  0x08000196   Section        6  _printf_lld.o(.ARM.Collect$$_printf_percent$$0000000E)
    .ARM.Collect$$_printf_percent$$0000000F  0x0800019c   Section        6  _printf_llu.o(.ARM.Collect$$_printf_percent$$0000000F)
    .ARM.Collect$$_printf_percent$$00000010  0x080001a2   Section        6  _printf_llo.o(.ARM.Collect$$_printf_percent$$00000010)
    .ARM.Collect$$_printf_percent$$00000011  0x080001a8   Section        6  _printf_llx.o(.ARM.Collect$$_printf_percent$$00000011)
    .ARM.Collect$$_printf_percent$$00000012  0x080001ae   Section       10  _printf_l.o(.ARM.Collect$$_printf_percent$$00000012)
    .ARM.Collect$$_printf_percent$$00000013  0x080001b8   Section        6  _printf_c.o(.ARM.Collect$$_printf_percent$$00000013)
    .ARM.Collect$$_printf_percent$$00000014  0x080001be   Section        6  _printf_s.o(.ARM.Collect$$_printf_percent$$00000014)
    .ARM.Collect$$_printf_percent$$00000015  0x080001c4   Section        6  _printf_lc.o(.ARM.Collect$$_printf_percent$$00000015)
    .ARM.Collect$$_printf_percent$$00000016  0x080001ca   Section        6  _printf_ls.o(.ARM.Collect$$_printf_percent$$00000016)
    .ARM.Collect$$_printf_percent$$00000017  0x080001d0   Section        4  _printf_percent_end.o(.ARM.Collect$$_printf_percent$$00000017)
    .ARM.Collect$$libinit$$00000000          0x080001d4   Section        2  libinit.o(.ARM.Collect$$libinit$$00000000)
    .ARM.Collect$$libinit$$00000002          0x080001d6   Section        0  libinit2.o(.ARM.Collect$$libinit$$00000002)
    .ARM.Collect$$libinit$$00000004          0x080001d6   Section        0  libinit2.o(.ARM.Collect$$libinit$$00000004)
    .ARM.Collect$$libinit$$00000006          0x080001d6   Section        0  libinit2.o(.ARM.Collect$$libinit$$00000006)
    .ARM.Collect$$libinit$$0000000C          0x080001d6   Section        0  libinit2.o(.ARM.Collect$$libinit$$0000000C)
    .ARM.Collect$$libinit$$0000000E          0x080001d6   Section        0  libinit2.o(.ARM.Collect$$libinit$$0000000E)
    .ARM.Collect$$libinit$$00000010          0x080001d6   Section        0  libinit2.o(.ARM.Collect$$libinit$$00000010)
    .ARM.Collect$$libinit$$00000011          0x080001d6   Section        6  libinit2.o(.ARM.Collect$$libinit$$00000011)
    .ARM.Collect$$libinit$$00000013          0x080001dc   Section        0  libinit2.o(.ARM.Collect$$libinit$$00000013)
    .ARM.Collect$$libinit$$00000014          0x080001dc   Section       12  libinit2.o(.ARM.Collect$$libinit$$00000014)
    .ARM.Collect$$libinit$$00000015          0x080001e8   Section        0  libinit2.o(.ARM.Collect$$libinit$$00000015)
    .ARM.Collect$$libinit$$00000017          0x080001e8   Section        0  libinit2.o(.ARM.Collect$$libinit$$00000017)
    .ARM.Collect$$libinit$$00000018          0x080001e8   Section       10  libinit2.o(.ARM.Collect$$libinit$$00000018)
    .ARM.Collect$$libinit$$00000019          0x080001f2   Section        0  libinit2.o(.ARM.Collect$$libinit$$00000019)
    .ARM.Collect$$libinit$$0000001B          0x080001f2   Section        0  libinit2.o(.ARM.Collect$$libinit$$0000001B)
    .ARM.Collect$$libinit$$0000001D          0x080001f2   Section        0  libinit2.o(.ARM.Collect$$libinit$$0000001D)
    .ARM.Collect$$libinit$$0000001F          0x080001f2   Section        0  libinit2.o(.ARM.Collect$$libinit$$0000001F)
    .ARM.Collect$$libinit$$00000021          0x080001f2   Section        0  libinit2.o(.ARM.Collect$$libinit$$00000021)
    .ARM.Collect$$libinit$$00000023          0x080001f2   Section        0  libinit2.o(.ARM.Collect$$libinit$$00000023)
    .ARM.Collect$$libinit$$00000025          0x080001f2   Section        0  libinit2.o(.ARM.Collect$$libinit$$00000025)
    .ARM.Collect$$libinit$$00000027          0x080001f2   Section        0  libinit2.o(.ARM.Collect$$libinit$$00000027)
    .ARM.Collect$$libinit$$0000002E          0x080001f2   Section        0  libinit2.o(.ARM.Collect$$libinit$$0000002E)
    .ARM.Collect$$libinit$$00000030          0x080001f2   Section        0  libinit2.o(.ARM.Collect$$libinit$$00000030)
    .ARM.Collect$$libinit$$00000032          0x080001f2   Section        0  libinit2.o(.ARM.Collect$$libinit$$00000032)
    .ARM.Collect$$libinit$$00000034          0x080001f2   Section        0  libinit2.o(.ARM.Collect$$libinit$$00000034)
    .ARM.Collect$$libinit$$00000035          0x080001f2   Section        2  libinit2.o(.ARM.Collect$$libinit$$00000035)
    .ARM.Collect$$libshutdown$$00000000      0x080001f4   Section        2  libshutdown.o(.ARM.Collect$$libshutdown$$00000000)
    .ARM.Collect$$libshutdown$$00000002      0x080001f6   Section        0  libshutdown2.o(.ARM.Collect$$libshutdown$$00000002)
    .ARM.Collect$$libshutdown$$00000004      0x080001f6   Section        0  libshutdown2.o(.ARM.Collect$$libshutdown$$00000004)
    .ARM.Collect$$libshutdown$$00000007      0x080001f6   Section        0  libshutdown2.o(.ARM.Collect$$libshutdown$$00000007)
    .ARM.Collect$$libshutdown$$0000000A      0x080001f6   Section        0  libshutdown2.o(.ARM.Collect$$libshutdown$$0000000A)
    .ARM.Collect$$libshutdown$$0000000C      0x080001f6   Section        0  libshutdown2.o(.ARM.Collect$$libshutdown$$0000000C)
    .ARM.Collect$$libshutdown$$0000000F      0x080001f6   Section        0  libshutdown2.o(.ARM.Collect$$libshutdown$$0000000F)
    .ARM.Collect$$libshutdown$$00000010      0x080001f6   Section        2  libshutdown2.o(.ARM.Collect$$libshutdown$$00000010)
    .ARM.Collect$$rtentry$$00000000          0x080001f8   Section        0  __rtentry.o(.ARM.Collect$$rtentry$$00000000)
    .ARM.Collect$$rtentry$$00000002          0x080001f8   Section        0  __rtentry2.o(.ARM.Collect$$rtentry$$00000002)
    .ARM.Collect$$rtentry$$00000004          0x080001f8   Section        6  __rtentry4.o(.ARM.Collect$$rtentry$$00000004)
    .ARM.Collect$$rtentry$$00000009          0x080001fe   Section        0  __rtentry2.o(.ARM.Collect$$rtentry$$00000009)
    .ARM.Collect$$rtentry$$0000000A          0x080001fe   Section        4  __rtentry2.o(.ARM.Collect$$rtentry$$0000000A)
    .ARM.Collect$$rtentry$$0000000C          0x08000202   Section        0  __rtentry2.o(.ARM.Collect$$rtentry$$0000000C)
    .ARM.Collect$$rtentry$$0000000D          0x08000202   Section        8  __rtentry2.o(.ARM.Collect$$rtentry$$0000000D)
    .ARM.Collect$$rtexit$$00000000           0x0800020a   Section        2  rtexit.o(.ARM.Collect$$rtexit$$00000000)
    .ARM.Collect$$rtexit$$00000002           0x0800020c   Section        0  rtexit2.o(.ARM.Collect$$rtexit$$00000002)
    .ARM.Collect$$rtexit$$00000003           0x0800020c   Section        4  rtexit2.o(.ARM.Collect$$rtexit$$00000003)
    .ARM.Collect$$rtexit$$00000004           0x08000210   Section        6  rtexit2.o(.ARM.Collect$$rtexit$$00000004)
    .text                                    0x08000218   Section       64  startup_stm32f10x_md.o(.text)
    .text                                    0x08000258   Section        0  sprintf.o(.text)
    .text                                    0x08000284   Section        0  heapauxi.o(.text)
    .text                                    0x0800028a   Section        0  _printf_pad.o(.text)
    .text                                    0x080002d8   Section        0  _printf_truncate.o(.text)
    .text                                    0x080002fc   Section        0  _printf_str.o(.text)
    .text                                    0x08000350   Section        0  _printf_dec.o(.text)
    .text                                    0x080003c8   Section        0  _printf_charcount.o(.text)
    _printf_input_char                       0x080003f1   Thumb Code    10  _printf_char_common.o(.text)
    .text                                    0x080003f0   Section        0  _printf_char_common.o(.text)
    .text                                    0x08000420   Section        0  _sputc.o(.text)
    .text                                    0x0800042c   Section        0  _printf_wctomb.o(.text)
    .text                                    0x080004e8   Section        0  _printf_longlong_dec.o(.text)
    _printf_longlong_oct_internal            0x08000565   Thumb Code     0  _printf_oct_int_ll.o(.text)
    .text                                    0x08000564   Section        0  _printf_oct_int_ll.o(.text)
    _printf_hex_common                       0x080005d5   Thumb Code     0  _printf_hex_int_ll_ptr.o(.text)
    .text                                    0x080005d4   Section        0  _printf_hex_int_ll_ptr.o(.text)
    .text                                    0x08000668   Section        0  __printf_flags_ss_wp.o(.text)
    .text                                    0x080007f0   Section      138  lludiv10.o(.text)
    .text                                    0x0800087a   Section        0  _printf_intcommon.o(.text)
    _fp_digits                               0x0800092d   Thumb Code   432  _printf_fp_dec.o(.text)
    .text                                    0x0800092c   Section        0  _printf_fp_dec.o(.text)
    .text                                    0x08000d48   Section        0  _printf_fp_hex.o(.text)
    .text                                    0x08001044   Section        0  _printf_char.o(.text)
    .text                                    0x08001070   Section        0  _printf_wchar.o(.text)
    .text                                    0x0800109c   Section        0  _c16rtomb.o(.text)
    .text                                    0x080010e4   Section       74  sys_stackheap_outer.o(.text)
    .text                                    0x08001130   Section       16  rt_ctype_table.o(.text)
    .text                                    0x08001140   Section        8  rt_locale_intlibspace.o(.text)
    .text                                    0x08001148   Section        0  _printf_fp_infnan.o(.text)
    .text                                    0x080011c8   Section        0  bigflt0.o(.text)
    .text                                    0x080012ac   Section        0  exit.o(.text)
    .text                                    0x080012c0   Section        8  libspace.o(.text)
    .text                                    0x080012c8   Section      128  strcmpv7m.o(.text)
    .text                                    0x08001348   Section        0  sys_exit.o(.text)
    .text                                    0x08001354   Section        2  use_no_semi.o(.text)
    .text                                    0x08001356   Section        0  indicate_semi.o(.text)
    [Anonymous Symbol]                       0x08001358   Section        0  main.o(.text.BH1750_Init)
    [Anonymous Symbol]                       0x08001388   Section        0  main.o(.text.BH1750_ReadLight)
    [Anonymous Symbol]                       0x08001488   Section        0  main.o(.text.Config_I2C)
    [Anonymous Symbol]                       0x08001508   Section        0  stm32f10x_gpio.o(.text.GPIO_Init)
    [Anonymous Symbol]                       0x08001690   Section        0  stm32f10x_i2c.o(.text.I2C_AcknowledgeConfig)
    [Anonymous Symbol]                       0x080016bc   Section        0  stm32f10x_i2c.o(.text.I2C_CheckEvent)
    [Anonymous Symbol]                       0x08001710   Section        0  stm32f10x_i2c.o(.text.I2C_Cmd)
    [Anonymous Symbol]                       0x0800173c   Section        0  stm32f10x_i2c.o(.text.I2C_GenerateSTART)
    [Anonymous Symbol]                       0x08001768   Section        0  stm32f10x_i2c.o(.text.I2C_GenerateSTOP)
    [Anonymous Symbol]                       0x08001794   Section        0  stm32f10x_i2c.o(.text.I2C_Init)
    [Anonymous Symbol]                       0x08001940   Section        0  stm32f10x_i2c.o(.text.I2C_ReceiveData)
    [Anonymous Symbol]                       0x08001950   Section        0  stm32f10x_i2c.o(.text.I2C_Send7bitAddress)
    [Anonymous Symbol]                       0x0800198c   Section        0  stm32f10x_i2c.o(.text.I2C_SendData)
    [Anonymous Symbol]                       0x080019a0   Section        0  main.o(.text.I2C_WriteByte)
    [Anonymous Symbol]                       0x08001a3c   Section        0  stm32f10x_rcc.o(.text.RCC_APB1PeriphClockCmd)
    [Anonymous Symbol]                       0x08001a74   Section        0  stm32f10x_rcc.o(.text.RCC_APB2PeriphClockCmd)
    [Anonymous Symbol]                       0x08001aac   Section        0  stm32f10x_rcc.o(.text.RCC_GetClocksFreq)
    SetSysClock                              0x08001c21   Thumb Code     8  system_stm32f10x.o(.text.SetSysClock)
    [Anonymous Symbol]                       0x08001c20   Section        0  system_stm32f10x.o(.text.SetSysClock)
    SetSysClockTo72                          0x08001c29   Thumb Code   290  system_stm32f10x.o(.text.SetSysClockTo72)
    [Anonymous Symbol]                       0x08001c28   Section        0  system_stm32f10x.o(.text.SetSysClockTo72)
    [Anonymous Symbol]                       0x08001d4c   Section        0  system_stm32f10x.o(.text.SystemInit)
    [Anonymous Symbol]                       0x08001db4   Section        0  main.o(.text.USART1_SendChar)
    [Anonymous Symbol]                       0x08001de8   Section        0  main.o(.text.USART1_SendString)
    [Anonymous Symbol]                       0x08001e0c   Section        0  stm32f10x_usart.o(.text.USART_Cmd)
    [Anonymous Symbol]                       0x08001e38   Section        0  stm32f10x_usart.o(.text.USART_GetFlagStatus)
    [Anonymous Symbol]                       0x08001e7c   Section        0  stm32f10x_usart.o(.text.USART_Init)
    [Anonymous Symbol]                       0x08001fd8   Section        0  stm32f10x_usart.o(.text.USART_SendData)
    [Anonymous Symbol]                       0x08001ff0   Section        0  main.o(.text.config_uart)
    [Anonymous Symbol]                       0x0800207c   Section        0  main.o(.text.delay_ms)
    [Anonymous Symbol]                       0x080020ec   Section        0  main.o(.text.main)
    CL$$btod_d2e                             0x08002158   Section       62  btod.o(CL$$btod_d2e)
    CL$$btod_d2e_denorm_low                  0x08002196   Section       70  btod.o(CL$$btod_d2e_denorm_low)
    CL$$btod_d2e_norm_op1                    0x080021dc   Section       96  btod.o(CL$$btod_d2e_norm_op1)
    CL$$btod_div_common                      0x0800223c   Section      824  btod.o(CL$$btod_div_common)
    CL$$btod_e2e                             0x08002574   Section      220  btod.o(CL$$btod_e2e)
    CL$$btod_ediv                            0x08002650   Section       42  btod.o(CL$$btod_ediv)
    CL$$btod_emul                            0x0800267a   Section       42  btod.o(CL$$btod_emul)
    CL$$btod_mult_common                     0x080026a4   Section      580  btod.o(CL$$btod_mult_common)
    i.__ARM_fpclassify                       0x080028e8   Section        0  fpclassify.o(i.__ARM_fpclassify)
    i._is_digit                              0x08002910   Section        0  __printf_wp.o(i._is_digit)
    locale$$code                             0x08002920   Section       44  lc_numeric_c.o(locale$$code)
    locale$$code                             0x0800294c   Section       44  lc_ctype_c.o(locale$$code)
    x$fpl$ddiv                               0x08002978   Section      692  ddiv.o(x$fpl$ddiv)
    ddiv_entry                               0x0800297f   Thumb Code     0  ddiv.o(x$fpl$ddiv)
    x$fpl$dfix                               0x08002c2c   Section       94  dfix.o(x$fpl$dfix)
    x$fpl$dflt                               0x08002c8a   Section       46  dflt_clz.o(x$fpl$dflt)
    x$fpl$dnaninf                            0x08002cb8   Section      156  dnaninf.o(x$fpl$dnaninf)
    x$fpl$dretinf                            0x08002d54   Section       12  dretinf.o(x$fpl$dretinf)
    x$fpl$printf1                            0x08002d60   Section        4  printf1.o(x$fpl$printf1)
    x$fpl$printf2                            0x08002d64   Section        4  printf2.o(x$fpl$printf2)
    initial_mbstate                          0x08002d68   Data           8  _printf_wctomb.o(.constdata)
    .constdata                               0x08002d68   Section        8  _printf_wctomb.o(.constdata)
    x$fpl$usenofp                            0x08002d68   Section        0  usenofp.o(x$fpl$usenofp)
    uc_hextab                                0x08002d70   Data          20  _printf_hex_int_ll_ptr.o(.constdata)
    .constdata                               0x08002d70   Section       40  _printf_hex_int_ll_ptr.o(.constdata)
    lc_hextab                                0x08002d84   Data          20  _printf_hex_int_ll_ptr.o(.constdata)
    maptable                                 0x08002d98   Data          17  __printf_flags_ss_wp.o(.constdata)
    .constdata                               0x08002d98   Section       17  __printf_flags_ss_wp.o(.constdata)
    lc_hextab                                0x08002da9   Data          19  _printf_fp_hex.o(.constdata)
    .constdata                               0x08002da9   Section       38  _printf_fp_hex.o(.constdata)
    uc_hextab                                0x08002dbc   Data          19  _printf_fp_hex.o(.constdata)
    tenpwrs_x                                0x08002dd0   Data          60  bigflt0.o(.constdata)
    .constdata                               0x08002dd0   Section      148  bigflt0.o(.constdata)
    tenpwrs_i                                0x08002e0c   Data          64  bigflt0.o(.constdata)
    ADCPrescTable                            0x08002e64   Data           4  stm32f10x_rcc.o(.rodata.ADCPrescTable)
    [Anonymous Symbol]                       0x08002e64   Section        0  stm32f10x_rcc.o(.rodata.ADCPrescTable)
    APBAHBPrescTable                         0x08002e68   Data          16  stm32f10x_rcc.o(.rodata.APBAHBPrescTable)
    [Anonymous Symbol]                       0x08002e68   Section        0  stm32f10x_rcc.o(.rodata.APBAHBPrescTable)
    .L.str                                   0x08002e78   Data          13  main.o(.rodata.str1.1)
    [Anonymous Symbol]                       0x08002e78   Section        0  main.o(.rodata.str1.1)
    .L.str.1                                 0x08002e85   Data           9  main.o(.rodata.str1.1)
    .L.str.2                                 0x08002e8e   Data          16  main.o(.rodata.str1.1)
    locale$$data                             0x08002eb0   Section       28  lc_numeric_c.o(locale$$data)
    __lcnum_c_name                           0x08002eb4   Data           2  lc_numeric_c.o(locale$$data)
    __lcnum_c_start                          0x08002ebc   Data           0  lc_numeric_c.o(locale$$data)
    __lcnum_c_point                          0x08002ec8   Data           0  lc_numeric_c.o(locale$$data)
    __lcnum_c_thousands                      0x08002eca   Data           0  lc_numeric_c.o(locale$$data)
    __lcnum_c_grouping                       0x08002ecb   Data           0  lc_numeric_c.o(locale$$data)
    __lcnum_c_end                            0x08002ecc   Data           0  lc_numeric_c.o(locale$$data)
    locale$$data                             0x08002ecc   Section      272  lc_ctype_c.o(locale$$data)
    __lcctype_c_name                         0x08002ed0   Data           2  lc_ctype_c.o(locale$$data)
    __lcctype_c_start                        0x08002ed8   Data           0  lc_ctype_c.o(locale$$data)
    __lcctype_c_end                          0x08002fdc   Data           0  lc_ctype_c.o(locale$$data)
    .bss                                     0x20000000   Section       96  libspace.o(.bss)
    Heap_Mem                                 0x20000090   Data         512  startup_stm32f10x_md.o(HEAP)
    HEAP                                     0x20000090   Section      512  startup_stm32f10x_md.o(HEAP)
    Stack_Mem                                0x20000290   Data        1024  startup_stm32f10x_md.o(STACK)
    STACK                                    0x20000290   Section     1024  startup_stm32f10x_md.o(STACK)
    __initial_sp                             0x20000690   Data           0  startup_stm32f10x_md.o(STACK)

    Global Symbols

    Symbol Name                              Value     Ov Type        Size  Object(Section)

    BuildAttributes$$THM_ISAv4$P$D$K$B$S$PE$A:L22UL41UL21$X:L11$S22US41US21$IEEE1$IW$~IW$USESV6$~STKCKD$USESV7$~SHL$OTIME$ROPI$IEEEJ$EBA8$UX$STANDARDLIB$REQ8$PRES8$EABIv2 0x00000000   Number         0  anon$$obj.o ABSOLUTE
    __fp_init_empty                          0x00000000   Number         0  fpinit_empty.o ABSOLUTE
    _printf_flags                            0x00000000   Number         0  printf_stubs.o ABSOLUTE
    _printf_return_value                     0x00000000   Number         0  printf_stubs.o ABSOLUTE
    _printf_sizespec                         0x00000000   Number         0  printf_stubs.o ABSOLUTE
    _printf_widthprec                        0x00000000   Number         0  printf_stubs.o ABSOLUTE
    __ARM_exceptions_init                     - Undefined Weak Reference
    __alloca_initialize                       - Undefined Weak Reference
    __arm_preinit_                            - Undefined Weak Reference
    __arm_relocate_pie_                       - Undefined Weak Reference
    __cpp_initialize__aeabi_                  - Undefined Weak Reference
    __cxa_finalize                            - Undefined Weak Reference
    __sigvec_lookup                           - Undefined Weak Reference
    _atexit_init                              - Undefined Weak Reference
    _call_atexit_fns                          - Undefined Weak Reference
    _clock_init                               - Undefined Weak Reference
    _fp_trap_init                             - Undefined Weak Reference
    _fp_trap_shutdown                         - Undefined Weak Reference
    _get_lc_collate                           - Undefined Weak Reference
    _get_lc_monetary                          - Undefined Weak Reference
    _get_lc_time                              - Undefined Weak Reference
    _getenv_init                              - Undefined Weak Reference
    _handle_redirection                       - Undefined Weak Reference
    _init_alloc                               - Undefined Weak Reference
    _init_user_alloc                          - Undefined Weak Reference
    _initio                                   - Undefined Weak Reference
    _printf_mbtowc                            - Undefined Weak Reference
    _printf_wc                                - Undefined Weak Reference
    _rand_init                                - Undefined Weak Reference
    _signal_finish                            - Undefined Weak Reference
    _signal_init                              - Undefined Weak Reference
    _terminate_alloc                          - Undefined Weak Reference
    _terminate_user_alloc                     - Undefined Weak Reference
    _terminateio                              - Undefined Weak Reference
    __Vectors_Size                           0x000000ec   Number         0  startup_stm32f10x_md.o ABSOLUTE
    __Vectors                                0x08000000   Data           4  startup_stm32f10x_md.o(RESET)
    __Vectors_End                            0x080000ec   Data           0  startup_stm32f10x_md.o(RESET)
    __main                                   0x080000ed   Thumb Code     8  __main.o(!!!main)
    __scatterload                            0x080000f5   Thumb Code     0  __scatter.o(!!!scatter)
    __scatterload_rt2                        0x080000f5   Thumb Code    44  __scatter.o(!!!scatter)
    __scatterload_rt2_thumb_only             0x080000f5   Thumb Code     0  __scatter.o(!!!scatter)
    __scatterload_null                       0x08000103   Thumb Code     0  __scatter.o(!!!scatter)
    __scatterload_zeroinit                   0x08000129   Thumb Code    28  __scatter_zi.o(!!handler_zi)
    _printf_n                                0x08000145   Thumb Code     0  _printf_n.o(.ARM.Collect$$_printf_percent$$00000001)
    _printf_percent                          0x08000145   Thumb Code     0  _printf_percent.o(.ARM.Collect$$_printf_percent$$00000000)
    _printf_p                                0x0800014b   Thumb Code     0  _printf_p.o(.ARM.Collect$$_printf_percent$$00000002)
    _printf_f                                0x08000151   Thumb Code     0  _printf_f.o(.ARM.Collect$$_printf_percent$$00000003)
    _printf_e                                0x08000157   Thumb Code     0  _printf_e.o(.ARM.Collect$$_printf_percent$$00000004)
    _printf_g                                0x0800015d   Thumb Code     0  _printf_g.o(.ARM.Collect$$_printf_percent$$00000005)
    _printf_a                                0x08000163   Thumb Code     0  _printf_a.o(.ARM.Collect$$_printf_percent$$00000006)
    _printf_ll                               0x08000169   Thumb Code     0  _printf_ll.o(.ARM.Collect$$_printf_percent$$00000007)
    _printf_i                                0x08000173   Thumb Code     0  _printf_i.o(.ARM.Collect$$_printf_percent$$00000008)
    _printf_d                                0x08000179   Thumb Code     0  _printf_d.o(.ARM.Collect$$_printf_percent$$00000009)
    _printf_u                                0x0800017f   Thumb Code     0  _printf_u.o(.ARM.Collect$$_printf_percent$$0000000A)
    _printf_o                                0x08000185   Thumb Code     0  _printf_o.o(.ARM.Collect$$_printf_percent$$0000000B)
    _printf_x                                0x0800018b   Thumb Code     0  _printf_x.o(.ARM.Collect$$_printf_percent$$0000000C)
    _printf_lli                              0x08000191   Thumb Code     0  _printf_lli.o(.ARM.Collect$$_printf_percent$$0000000D)
    _printf_lld                              0x08000197   Thumb Code     0  _printf_lld.o(.ARM.Collect$$_printf_percent$$0000000E)
    _printf_llu                              0x0800019d   Thumb Code     0  _printf_llu.o(.ARM.Collect$$_printf_percent$$0000000F)
    _printf_llo                              0x080001a3   Thumb Code     0  _printf_llo.o(.ARM.Collect$$_printf_percent$$00000010)
    _printf_llx                              0x080001a9   Thumb Code     0  _printf_llx.o(.ARM.Collect$$_printf_percent$$00000011)
    _printf_l                                0x080001af   Thumb Code     0  _printf_l.o(.ARM.Collect$$_printf_percent$$00000012)
    _printf_c                                0x080001b9   Thumb Code     0  _printf_c.o(.ARM.Collect$$_printf_percent$$00000013)
    _printf_s                                0x080001bf   Thumb Code     0  _printf_s.o(.ARM.Collect$$_printf_percent$$00000014)
    _printf_lc                               0x080001c5   Thumb Code     0  _printf_lc.o(.ARM.Collect$$_printf_percent$$00000015)
    _printf_ls                               0x080001cb   Thumb Code     0  _printf_ls.o(.ARM.Collect$$_printf_percent$$00000016)
    _printf_percent_end                      0x080001d1   Thumb Code     0  _printf_percent_end.o(.ARM.Collect$$_printf_percent$$00000017)
    __rt_lib_init                            0x080001d5   Thumb Code     0  libinit.o(.ARM.Collect$$libinit$$00000000)
    __rt_lib_init_fp_1                       0x080001d7   Thumb Code     0  libinit2.o(.ARM.Collect$$libinit$$00000002)
    __rt_lib_init_heap_1                     0x080001d7   Thumb Code     0  libinit2.o(.ARM.Collect$$libinit$$0000000C)
    __rt_lib_init_lc_common                  0x080001d7   Thumb Code     0  libinit2.o(.ARM.Collect$$libinit$$00000011)
    __rt_lib_init_preinit_1                  0x080001d7   Thumb Code     0  libinit2.o(.ARM.Collect$$libinit$$00000006)
    __rt_lib_init_rand_1                     0x080001d7   Thumb Code     0  libinit2.o(.ARM.Collect$$libinit$$00000010)
    __rt_lib_init_relocate_pie_1             0x080001d7   Thumb Code     0  libinit2.o(.ARM.Collect$$libinit$$00000004)
    __rt_lib_init_user_alloc_1               0x080001d7   Thumb Code     0  libinit2.o(.ARM.Collect$$libinit$$0000000E)
    __rt_lib_init_lc_collate_1               0x080001dd   Thumb Code     0  libinit2.o(.ARM.Collect$$libinit$$00000013)
    __rt_lib_init_lc_ctype_2                 0x080001dd   Thumb Code     0  libinit2.o(.ARM.Collect$$libinit$$00000014)
    __rt_lib_init_lc_ctype_1                 0x080001e9   Thumb Code     0  libinit2.o(.ARM.Collect$$libinit$$00000015)
    __rt_lib_init_lc_monetary_1              0x080001e9   Thumb Code     0  libinit2.o(.ARM.Collect$$libinit$$00000017)
    __rt_lib_init_lc_numeric_2               0x080001e9   Thumb Code     0  libinit2.o(.ARM.Collect$$libinit$$00000018)
    __rt_lib_init_alloca_1                   0x080001f3   Thumb Code     0  libinit2.o(.ARM.Collect$$libinit$$00000030)
    __rt_lib_init_argv_1                     0x080001f3   Thumb Code     0  libinit2.o(.ARM.Collect$$libinit$$0000002E)
    __rt_lib_init_atexit_1                   0x080001f3   Thumb Code     0  libinit2.o(.ARM.Collect$$libinit$$0000001D)
    __rt_lib_init_clock_1                    0x080001f3   Thumb Code     0  libinit2.o(.ARM.Collect$$libinit$$00000023)
    __rt_lib_init_cpp_1                      0x080001f3   Thumb Code     0  libinit2.o(.ARM.Collect$$libinit$$00000034)
    __rt_lib_init_exceptions_1               0x080001f3   Thumb Code     0  libinit2.o(.ARM.Collect$$libinit$$00000032)
    __rt_lib_init_fp_trap_1                  0x080001f3   Thumb Code     0  libinit2.o(.ARM.Collect$$libinit$$00000021)
    __rt_lib_init_getenv_1                   0x080001f3   Thumb Code     0  libinit2.o(.ARM.Collect$$libinit$$00000025)
    __rt_lib_init_lc_numeric_1               0x080001f3   Thumb Code     0  libinit2.o(.ARM.Collect$$libinit$$00000019)
    __rt_lib_init_lc_time_1                  0x080001f3   Thumb Code     0  libinit2.o(.ARM.Collect$$libinit$$0000001B)
    __rt_lib_init_return                     0x080001f3   Thumb Code     0  libinit2.o(.ARM.Collect$$libinit$$00000035)
    __rt_lib_init_signal_1                   0x080001f3   Thumb Code     0  libinit2.o(.ARM.Collect$$libinit$$0000001F)
    __rt_lib_init_stdio_1                    0x080001f3   Thumb Code     0  libinit2.o(.ARM.Collect$$libinit$$00000027)
    __rt_lib_shutdown                        0x080001f5   Thumb Code     0  libshutdown.o(.ARM.Collect$$libshutdown$$00000000)
    __rt_lib_shutdown_cpp_1                  0x080001f7   Thumb Code     0  libshutdown2.o(.ARM.Collect$$libshutdown$$00000002)
    __rt_lib_shutdown_fp_trap_1              0x080001f7   Thumb Code     0  libshutdown2.o(.ARM.Collect$$libshutdown$$00000007)
    __rt_lib_shutdown_heap_1                 0x080001f7   Thumb Code     0  libshutdown2.o(.ARM.Collect$$libshutdown$$0000000F)
    __rt_lib_shutdown_return                 0x080001f7   Thumb Code     0  libshutdown2.o(.ARM.Collect$$libshutdown$$00000010)
    __rt_lib_shutdown_signal_1               0x080001f7   Thumb Code     0  libshutdown2.o(.ARM.Collect$$libshutdown$$0000000A)
    __rt_lib_shutdown_stdio_1                0x080001f7   Thumb Code     0  libshutdown2.o(.ARM.Collect$$libshutdown$$00000004)
    __rt_lib_shutdown_user_alloc_1           0x080001f7   Thumb Code     0  libshutdown2.o(.ARM.Collect$$libshutdown$$0000000C)
    __rt_entry                               0x080001f9   Thumb Code     0  __rtentry.o(.ARM.Collect$$rtentry$$00000000)
    __rt_entry_presh_1                       0x080001f9   Thumb Code     0  __rtentry2.o(.ARM.Collect$$rtentry$$00000002)
    __rt_entry_sh                            0x080001f9   Thumb Code     0  __rtentry4.o(.ARM.Collect$$rtentry$$00000004)
    __rt_entry_li                            0x080001ff   Thumb Code     0  __rtentry2.o(.ARM.Collect$$rtentry$$0000000A)
    __rt_entry_postsh_1                      0x080001ff   Thumb Code     0  __rtentry2.o(.ARM.Collect$$rtentry$$00000009)
    __rt_entry_main                          0x08000203   Thumb Code     0  __rtentry2.o(.ARM.Collect$$rtentry$$0000000D)
    __rt_entry_postli_1                      0x08000203   Thumb Code     0  __rtentry2.o(.ARM.Collect$$rtentry$$0000000C)
    __rt_exit                                0x0800020b   Thumb Code     0  rtexit.o(.ARM.Collect$$rtexit$$00000000)
    __rt_exit_ls                             0x0800020d   Thumb Code     0  rtexit2.o(.ARM.Collect$$rtexit$$00000003)
    __rt_exit_prels_1                        0x0800020d   Thumb Code     0  rtexit2.o(.ARM.Collect$$rtexit$$00000002)
    __rt_exit_exit                           0x08000211   Thumb Code     0  rtexit2.o(.ARM.Collect$$rtexit$$00000004)
    Reset_Handler                            0x08000219   Thumb Code     8  startup_stm32f10x_md.o(.text)
    NMI_Handler                              0x08000221   Thumb Code     2  startup_stm32f10x_md.o(.text)
    HardFault_Handler                        0x08000223   Thumb Code     2  startup_stm32f10x_md.o(.text)
    MemManage_Handler                        0x08000225   Thumb Code     2  startup_stm32f10x_md.o(.text)
    BusFault_Handler                         0x08000227   Thumb Code     2  startup_stm32f10x_md.o(.text)
    UsageFault_Handler                       0x08000229   Thumb Code     2  startup_stm32f10x_md.o(.text)
    SVC_Handler                              0x0800022b   Thumb Code     2  startup_stm32f10x_md.o(.text)
    DebugMon_Handler                         0x0800022d   Thumb Code     2  startup_stm32f10x_md.o(.text)
    PendSV_Handler                           0x0800022f   Thumb Code     2  startup_stm32f10x_md.o(.text)
    SysTick_Handler                          0x08000231   Thumb Code     2  startup_stm32f10x_md.o(.text)
    ADC1_2_IRQHandler                        0x08000233   Thumb Code     0  startup_stm32f10x_md.o(.text)
    CAN1_RX1_IRQHandler                      0x08000233   Thumb Code     0  startup_stm32f10x_md.o(.text)
    CAN1_SCE_IRQHandler                      0x08000233   Thumb Code     0  startup_stm32f10x_md.o(.text)
    DMA1_Channel1_IRQHandler                 0x08000233   Thumb Code     0  startup_stm32f10x_md.o(.text)
    DMA1_Channel2_IRQHandler                 0x08000233   Thumb Code     0  startup_stm32f10x_md.o(.text)
    DMA1_Channel3_IRQHandler                 0x08000233   Thumb Code     0  startup_stm32f10x_md.o(.text)
    DMA1_Channel4_IRQHandler                 0x08000233   Thumb Code     0  startup_stm32f10x_md.o(.text)
    DMA1_Channel5_IRQHandler                 0x08000233   Thumb Code     0  startup_stm32f10x_md.o(.text)
    DMA1_Channel6_IRQHandler                 0x08000233   Thumb Code     0  startup_stm32f10x_md.o(.text)
    DMA1_Channel7_IRQHandler                 0x08000233   Thumb Code     0  startup_stm32f10x_md.o(.text)
    EXTI0_IRQHandler                         0x08000233   Thumb Code     0  startup_stm32f10x_md.o(.text)
    EXTI15_10_IRQHandler                     0x08000233   Thumb Code     0  startup_stm32f10x_md.o(.text)
    EXTI1_IRQHandler                         0x08000233   Thumb Code     0  startup_stm32f10x_md.o(.text)
    EXTI2_IRQHandler                         0x08000233   Thumb Code     0  startup_stm32f10x_md.o(.text)
    EXTI3_IRQHandler                         0x08000233   Thumb Code     0  startup_stm32f10x_md.o(.text)
    EXTI4_IRQHandler                         0x08000233   Thumb Code     0  startup_stm32f10x_md.o(.text)
    EXTI9_5_IRQHandler                       0x08000233   Thumb Code     0  startup_stm32f10x_md.o(.text)
    FLASH_IRQHandler                         0x08000233   Thumb Code     0  startup_stm32f10x_md.o(.text)
    I2C1_ER_IRQHandler                       0x08000233   Thumb Code     0  startup_stm32f10x_md.o(.text)
    I2C1_EV_IRQHandler                       0x08000233   Thumb Code     0  startup_stm32f10x_md.o(.text)
    I2C2_ER_IRQHandler                       0x08000233   Thumb Code     0  startup_stm32f10x_md.o(.text)
    I2C2_EV_IRQHandler                       0x08000233   Thumb Code     0  startup_stm32f10x_md.o(.text)
    PVD_IRQHandler                           0x08000233   Thumb Code     0  startup_stm32f10x_md.o(.text)
    RCC_IRQHandler                           0x08000233   Thumb Code     0  startup_stm32f10x_md.o(.text)
    RTCAlarm_IRQHandler                      0x08000233   Thumb Code     0  startup_stm32f10x_md.o(.text)
    RTC_IRQHandler                           0x08000233   Thumb Code     0  startup_stm32f10x_md.o(.text)
    SPI1_IRQHandler                          0x08000233   Thumb Code     0  startup_stm32f10x_md.o(.text)
    SPI2_IRQHandler                          0x08000233   Thumb Code     0  startup_stm32f10x_md.o(.text)
    TAMPER_IRQHandler                        0x08000233   Thumb Code     0  startup_stm32f10x_md.o(.text)
    TIM1_BRK_IRQHandler                      0x08000233   Thumb Code     0  startup_stm32f10x_md.o(.text)
    TIM1_CC_IRQHandler                       0x08000233   Thumb Code     0  startup_stm32f10x_md.o(.text)
    TIM1_TRG_COM_IRQHandler                  0x08000233   Thumb Code     0  startup_stm32f10x_md.o(.text)
    TIM1_UP_IRQHandler                       0x08000233   Thumb Code     0  startup_stm32f10x_md.o(.text)
    TIM2_IRQHandler                          0x08000233   Thumb Code     0  startup_stm32f10x_md.o(.text)
    TIM3_IRQHandler                          0x08000233   Thumb Code     0  startup_stm32f10x_md.o(.text)
    TIM4_IRQHandler                          0x08000233   Thumb Code     0  startup_stm32f10x_md.o(.text)
    USART1_IRQHandler                        0x08000233   Thumb Code     0  startup_stm32f10x_md.o(.text)
    USART2_IRQHandler                        0x08000233   Thumb Code     0  startup_stm32f10x_md.o(.text)
    USART3_IRQHandler                        0x08000233   Thumb Code     0  startup_stm32f10x_md.o(.text)
    USBWakeUp_IRQHandler                     0x08000233   Thumb Code     0  startup_stm32f10x_md.o(.text)
    USB_HP_CAN1_TX_IRQHandler                0x08000233   Thumb Code     0  startup_stm32f10x_md.o(.text)
    USB_LP_CAN1_RX0_IRQHandler               0x08000233   Thumb Code     0  startup_stm32f10x_md.o(.text)
    WWDG_IRQHandler                          0x08000233   Thumb Code     0  startup_stm32f10x_md.o(.text)
    __user_initial_stackheap                 0x08000235   Thumb Code     0  startup_stm32f10x_md.o(.text)
    sprintf                                  0x08000259   Thumb Code    38  sprintf.o(.text)
    __use_two_region_memory                  0x08000285   Thumb Code     2  heapauxi.o(.text)
    __rt_heap_escrow$2region                 0x08000287   Thumb Code     2  heapauxi.o(.text)
    __rt_heap_expand$2region                 0x08000289   Thumb Code     2  heapauxi.o(.text)
    _printf_pre_padding                      0x0800028b   Thumb Code    44  _printf_pad.o(.text)
    _printf_post_padding                     0x080002b7   Thumb Code    34  _printf_pad.o(.text)
    _printf_truncate_signed                  0x080002d9   Thumb Code    18  _printf_truncate.o(.text)
    _printf_truncate_unsigned                0x080002eb   Thumb Code    18  _printf_truncate.o(.text)
    _printf_str                              0x080002fd   Thumb Code    82  _printf_str.o(.text)
    _printf_int_dec                          0x08000351   Thumb Code   104  _printf_dec.o(.text)
    _printf_charcount                        0x080003c9   Thumb Code    40  _printf_charcount.o(.text)
    _printf_char_common                      0x080003fb   Thumb Code    32  _printf_char_common.o(.text)
    _sputc                                   0x08000421   Thumb Code    10  _sputc.o(.text)
    _printf_wctomb                           0x0800042d   Thumb Code   182  _printf_wctomb.o(.text)
    _printf_longlong_dec                     0x080004e9   Thumb Code   108  _printf_longlong_dec.o(.text)
    _printf_longlong_oct                     0x08000565   Thumb Code    68  _printf_oct_int_ll.o(.text)
    _printf_int_oct                          0x080005a9   Thumb Code    24  _printf_oct_int_ll.o(.text)
    _printf_ll_oct                           0x080005c1   Thumb Code    12  _printf_oct_int_ll.o(.text)
    _printf_longlong_hex                     0x080005d5   Thumb Code    86  _printf_hex_int_ll_ptr.o(.text)
    _printf_int_hex                          0x0800062b   Thumb Code    28  _printf_hex_int_ll_ptr.o(.text)
    _printf_ll_hex                           0x08000647   Thumb Code    12  _printf_hex_int_ll_ptr.o(.text)
    _printf_hex_ptr                          0x08000653   Thumb Code    18  _printf_hex_int_ll_ptr.o(.text)
    __printf                                 0x08000669   Thumb Code   388  __printf_flags_ss_wp.o(.text)
    _ll_udiv10                               0x080007f1   Thumb Code   138  lludiv10.o(.text)
    _printf_int_common                       0x0800087b   Thumb Code   178  _printf_intcommon.o(.text)
    _printf_fp_dec_real                      0x08000add   Thumb Code   620  _printf_fp_dec.o(.text)
    _printf_fp_hex_real                      0x08000d49   Thumb Code   756  _printf_fp_hex.o(.text)
    _printf_cs_common                        0x08001045   Thumb Code    20  _printf_char.o(.text)
    _printf_char                             0x08001059   Thumb Code    16  _printf_char.o(.text)
    _printf_string                           0x08001069   Thumb Code     8  _printf_char.o(.text)
    _printf_lcs_common                       0x08001071   Thumb Code    20  _printf_wchar.o(.text)
    _printf_wchar                            0x08001085   Thumb Code    16  _printf_wchar.o(.text)
    _printf_wstring                          0x08001095   Thumb Code     8  _printf_wchar.o(.text)
    _c16rtomb                                0x0800109d   Thumb Code    72  _c16rtomb.o(.text)
    _wcrtomb                                 0x0800109d   Thumb Code     0  _c16rtomb.o(.text)
    __user_setup_stackheap                   0x080010e5   Thumb Code    74  sys_stackheap_outer.o(.text)
    __rt_ctype_table                         0x08001131   Thumb Code    16  rt_ctype_table.o(.text)
    __rt_locale                              0x08001141   Thumb Code     8  rt_locale_intlibspace.o(.text)
    _printf_fp_infnan                        0x08001149   Thumb Code   112  _printf_fp_infnan.o(.text)
    _btod_etento                             0x080011c9   Thumb Code   224  bigflt0.o(.text)
    exit                                     0x080012ad   Thumb Code    18  exit.o(.text)
    __user_libspace                          0x080012c1   Thumb Code     8  libspace.o(.text)
    __user_perproc_libspace                  0x080012c1   Thumb Code     0  libspace.o(.text)
    __user_perthread_libspace                0x080012c1   Thumb Code     0  libspace.o(.text)
    strcmp                                   0x080012c9   Thumb Code   128  strcmpv7m.o(.text)
    _sys_exit                                0x08001349   Thumb Code     8  sys_exit.o(.text)
    __I$use$semihosting                      0x08001355   Thumb Code     0  use_no_semi.o(.text)
    __use_no_semihosting_swi                 0x08001355   Thumb Code     2  use_no_semi.o(.text)
    __semihosting_library_function           0x08001357   Thumb Code     0  indicate_semi.o(.text)
    BH1750_Init                              0x08001359   Thumb Code    46  main.o(.text.BH1750_Init)
    BH1750_ReadLight                         0x08001389   Thumb Code   254  main.o(.text.BH1750_ReadLight)
    Config_I2C                               0x08001489   Thumb Code   128  main.o(.text.Config_I2C)
    GPIO_Init                                0x08001509   Thumb Code   390  stm32f10x_gpio.o(.text.GPIO_Init)
    I2C_AcknowledgeConfig                    0x08001691   Thumb Code    44  stm32f10x_i2c.o(.text.I2C_AcknowledgeConfig)
    I2C_CheckEvent                           0x080016bd   Thumb Code    84  stm32f10x_i2c.o(.text.I2C_CheckEvent)
    I2C_Cmd                                  0x08001711   Thumb Code    44  stm32f10x_i2c.o(.text.I2C_Cmd)
    I2C_GenerateSTART                        0x0800173d   Thumb Code    44  stm32f10x_i2c.o(.text.I2C_GenerateSTART)
    I2C_GenerateSTOP                         0x08001769   Thumb Code    44  stm32f10x_i2c.o(.text.I2C_GenerateSTOP)
    I2C_Init                                 0x08001795   Thumb Code   426  stm32f10x_i2c.o(.text.I2C_Init)
    I2C_ReceiveData                          0x08001941   Thumb Code    14  stm32f10x_i2c.o(.text.I2C_ReceiveData)
    I2C_Send7bitAddress                      0x08001951   Thumb Code    60  stm32f10x_i2c.o(.text.I2C_Send7bitAddress)
    I2C_SendData                             0x0800198d   Thumb Code    20  stm32f10x_i2c.o(.text.I2C_SendData)
    I2C_WriteByte                            0x080019a1   Thumb Code   156  main.o(.text.I2C_WriteByte)
    RCC_APB1PeriphClockCmd                   0x08001a3d   Thumb Code    56  stm32f10x_rcc.o(.text.RCC_APB1PeriphClockCmd)
    RCC_APB2PeriphClockCmd                   0x08001a75   Thumb Code    56  stm32f10x_rcc.o(.text.RCC_APB2PeriphClockCmd)
    RCC_GetClocksFreq                        0x08001aad   Thumb Code   370  stm32f10x_rcc.o(.text.RCC_GetClocksFreq)
    SystemInit                               0x08001d4d   Thumb Code   102  system_stm32f10x.o(.text.SystemInit)
    USART1_SendChar                          0x08001db5   Thumb Code    50  main.o(.text.USART1_SendChar)
    USART1_SendString                        0x08001de9   Thumb Code    34  main.o(.text.USART1_SendString)
    USART_Cmd                                0x08001e0d   Thumb Code    44  stm32f10x_usart.o(.text.USART_Cmd)
    USART_GetFlagStatus                      0x08001e39   Thumb Code    68  stm32f10x_usart.o(.text.USART_GetFlagStatus)
    USART_Init                               0x08001e7d   Thumb Code   348  stm32f10x_usart.o(.text.USART_Init)
    USART_SendData                           0x08001fd9   Thumb Code    24  stm32f10x_usart.o(.text.USART_SendData)
    config_uart                              0x08001ff1   Thumb Code   138  main.o(.text.config_uart)
    delay_ms                                 0x0800207d   Thumb Code   110  main.o(.text.delay_ms)
    main                                     0x080020ed   Thumb Code   108  main.o(.text.main)
    _btod_d2e                                0x08002159   Thumb Code    62  btod.o(CL$$btod_d2e)
    _d2e_denorm_low                          0x08002197   Thumb Code    70  btod.o(CL$$btod_d2e_denorm_low)
    _d2e_norm_op1                            0x080021dd   Thumb Code    96  btod.o(CL$$btod_d2e_norm_op1)
    __btod_div_common                        0x0800223d   Thumb Code   696  btod.o(CL$$btod_div_common)
    _e2e                                     0x08002575   Thumb Code   220  btod.o(CL$$btod_e2e)
    _btod_ediv                               0x08002651   Thumb Code    42  btod.o(CL$$btod_ediv)
    _btod_emul                               0x0800267b   Thumb Code    42  btod.o(CL$$btod_emul)
    __btod_mult_common                       0x080026a5   Thumb Code   580  btod.o(CL$$btod_mult_common)
    __ARM_fpclassify                         0x080028e9   Thumb Code    40  fpclassify.o(i.__ARM_fpclassify)
    _is_digit                                0x08002911   Thumb Code    14  __printf_wp.o(i._is_digit)
    _get_lc_numeric                          0x08002921   Thumb Code    44  lc_numeric_c.o(locale$$code)
    _get_lc_ctype                            0x0800294d   Thumb Code    44  lc_ctype_c.o(locale$$code)
    __aeabi_ddiv                             0x08002979   Thumb Code     0  ddiv.o(x$fpl$ddiv)
    _ddiv                                    0x08002979   Thumb Code   556  ddiv.o(x$fpl$ddiv)
    __aeabi_d2iz                             0x08002c2d   Thumb Code     0  dfix.o(x$fpl$dfix)
    _dfix                                    0x08002c2d   Thumb Code    94  dfix.o(x$fpl$dfix)
    __aeabi_i2d                              0x08002c8b   Thumb Code     0  dflt_clz.o(x$fpl$dflt)
    _dflt                                    0x08002c8b   Thumb Code    46  dflt_clz.o(x$fpl$dflt)
    __fpl_dnaninf                            0x08002cb9   Thumb Code   156  dnaninf.o(x$fpl$dnaninf)
    __fpl_dretinf                            0x08002d55   Thumb Code    12  dretinf.o(x$fpl$dretinf)
    _printf_fp_dec                           0x08002d61   Thumb Code     4  printf1.o(x$fpl$printf1)
    _printf_fp_hex                           0x08002d65   Thumb Code     4  printf2.o(x$fpl$printf2)
    __I$use$fp                               0x08002d68   Number         0  usenofp.o(x$fpl$usenofp)
    Region$$Table$$Base                      0x08002ea0   Number         0  anon$$obj.o(Region$$Table)
    Region$$Table$$Limit                     0x08002eb0   Number         0  anon$$obj.o(Region$$Table)
    __ctype                                  0x08002ed9   Data           0  lc_ctype_c.o(locale$$data)
    __libspace_start                         0x20000000   Data          96  libspace.o(.bss)
    __temporary_stack_top$libspace           0x20000060   Data           0  libspace.o(.bss)
    buffer                                   0x20000060   Data          40  main.o(.bss.buffer)
    rv                                       0x20000088   Data           2  main.o(.bss.rv)



==============================================================================

Memory Map of the image

  Image Entry point : 0x08000219

  Load Region LR_1 (Base: 0x08000000, Size: 0x00002fdc, Max: 0xffffffff, ABSOLUTE)

    Execution Region ER_RO (Exec base: 0x08000000, Load base: 0x08000000, Size: 0x00002fdc, Max: 0xffffffff, ABSOLUTE)

    Exec Addr    Load Addr    Size         Type   Attr      Idx    E Section Name        Object

    0x08000000   0x08000000   0x000000ec   Data   RO          338    RESET               startup_stm32f10x_md.o
    0x080000ec   0x080000ec   0x00000008   Code   RO          368  * !!!main             c_w.l(__main.o)
    0x080000f4   0x080000f4   0x00000034   Code   RO          723    !!!scatter          c_w.l(__scatter.o)
    0x08000128   0x08000128   0x0000001c   Code   RO          725    !!handler_zi        c_w.l(__scatter_zi.o)
    0x08000144   0x08000144   0x00000000   Code   RO          466    .ARM.Collect$$_printf_percent$$00000000  c_w.l(_printf_percent.o)
    0x08000144   0x08000144   0x00000006   Code   RO          455    .ARM.Collect$$_printf_percent$$00000001  c_w.l(_printf_n.o)
    0x0800014a   0x0800014a   0x00000006   Code   RO          457    .ARM.Collect$$_printf_percent$$00000002  c_w.l(_printf_p.o)
    0x08000150   0x08000150   0x00000006   Code   RO          462    .ARM.Collect$$_printf_percent$$00000003  c_w.l(_printf_f.o)
    0x08000156   0x08000156   0x00000006   Code   RO          463    .ARM.Collect$$_printf_percent$$00000004  c_w.l(_printf_e.o)
    0x0800015c   0x0800015c   0x00000006   Code   RO          464    .ARM.Collect$$_printf_percent$$00000005  c_w.l(_printf_g.o)
    0x08000162   0x08000162   0x00000006   Code   RO          465    .ARM.Collect$$_printf_percent$$00000006  c_w.l(_printf_a.o)
    0x08000168   0x08000168   0x0000000a   Code   RO          470    .ARM.Collect$$_printf_percent$$00000007  c_w.l(_printf_ll.o)
    0x08000172   0x08000172   0x00000006   Code   RO          459    .ARM.Collect$$_printf_percent$$00000008  c_w.l(_printf_i.o)
    0x08000178   0x08000178   0x00000006   Code   RO          460    .ARM.Collect$$_printf_percent$$00000009  c_w.l(_printf_d.o)
    0x0800017e   0x0800017e   0x00000006   Code   RO          461    .ARM.Collect$$_printf_percent$$0000000A  c_w.l(_printf_u.o)
    0x08000184   0x08000184   0x00000006   Code   RO          458    .ARM.Collect$$_printf_percent$$0000000B  c_w.l(_printf_o.o)
    0x0800018a   0x0800018a   0x00000006   Code   RO          456    .ARM.Collect$$_printf_percent$$0000000C  c_w.l(_printf_x.o)
    0x08000190   0x08000190   0x00000006   Code   RO          467    .ARM.Collect$$_printf_percent$$0000000D  c_w.l(_printf_lli.o)
    0x08000196   0x08000196   0x00000006   Code   RO          468    .ARM.Collect$$_printf_percent$$0000000E  c_w.l(_printf_lld.o)
    0x0800019c   0x0800019c   0x00000006   Code   RO          469    .ARM.Collect$$_printf_percent$$0000000F  c_w.l(_printf_llu.o)
    0x080001a2   0x080001a2   0x00000006   Code   RO          474    .ARM.Collect$$_printf_percent$$00000010  c_w.l(_printf_llo.o)
    0x080001a8   0x080001a8   0x00000006   Code   RO          475    .ARM.Collect$$_printf_percent$$00000011  c_w.l(_printf_llx.o)
    0x080001ae   0x080001ae   0x0000000a   Code   RO          471    .ARM.Collect$$_printf_percent$$00000012  c_w.l(_printf_l.o)
    0x080001b8   0x080001b8   0x00000006   Code   RO          453    .ARM.Collect$$_printf_percent$$00000013  c_w.l(_printf_c.o)
    0x080001be   0x080001be   0x00000006   Code   RO          454    .ARM.Collect$$_printf_percent$$00000014  c_w.l(_printf_s.o)
    0x080001c4   0x080001c4   0x00000006   Code   RO          472    .ARM.Collect$$_printf_percent$$00000015  c_w.l(_printf_lc.o)
    0x080001ca   0x080001ca   0x00000006   Code   RO          473    .ARM.Collect$$_printf_percent$$00000016  c_w.l(_printf_ls.o)
    0x080001d0   0x080001d0   0x00000004   Code   RO          521    .ARM.Collect$$_printf_percent$$00000017  c_w.l(_printf_percent_end.o)
    0x080001d4   0x080001d4   0x00000002   Code   RO          572    .ARM.Collect$$libinit$$00000000  c_w.l(libinit.o)
    0x080001d6   0x080001d6   0x00000000   Code   RO          590    .ARM.Collect$$libinit$$00000002  c_w.l(libinit2.o)
    0x080001d6   0x080001d6   0x00000000   Code   RO          592    .ARM.Collect$$libinit$$00000004  c_w.l(libinit2.o)
    0x080001d6   0x080001d6   0x00000000   Code   RO          594    .ARM.Collect$$libinit$$00000006  c_w.l(libinit2.o)
    0x080001d6   0x080001d6   0x00000000   Code   RO          597    .ARM.Collect$$libinit$$0000000C  c_w.l(libinit2.o)
    0x080001d6   0x080001d6   0x00000000   Code   RO          599    .ARM.Collect$$libinit$$0000000E  c_w.l(libinit2.o)
    0x080001d6   0x080001d6   0x00000000   Code   RO          601    .ARM.Collect$$libinit$$00000010  c_w.l(libinit2.o)
    0x080001d6   0x080001d6   0x00000006   Code   RO          602    .ARM.Collect$$libinit$$00000011  c_w.l(libinit2.o)
    0x080001dc   0x080001dc   0x00000000   Code   RO          604    .ARM.Collect$$libinit$$00000013  c_w.l(libinit2.o)
    0x080001dc   0x080001dc   0x0000000c   Code   RO          605    .ARM.Collect$$libinit$$00000014  c_w.l(libinit2.o)
    0x080001e8   0x080001e8   0x00000000   Code   RO          606    .ARM.Collect$$libinit$$00000015  c_w.l(libinit2.o)
    0x080001e8   0x080001e8   0x00000000   Code   RO          608    .ARM.Collect$$libinit$$00000017  c_w.l(libinit2.o)
    0x080001e8   0x080001e8   0x0000000a   Code   RO          609    .ARM.Collect$$libinit$$00000018  c_w.l(libinit2.o)
    0x080001f2   0x080001f2   0x00000000   Code   RO          610    .ARM.Collect$$libinit$$00000019  c_w.l(libinit2.o)
    0x080001f2   0x080001f2   0x00000000   Code   RO          612    .ARM.Collect$$libinit$$0000001B  c_w.l(libinit2.o)
    0x080001f2   0x080001f2   0x00000000   Code   RO          614    .ARM.Collect$$libinit$$0000001D  c_w.l(libinit2.o)
    0x080001f2   0x080001f2   0x00000000   Code   RO          616    .ARM.Collect$$libinit$$0000001F  c_w.l(libinit2.o)
    0x080001f2   0x080001f2   0x00000000   Code   RO          618    .ARM.Collect$$libinit$$00000021  c_w.l(libinit2.o)
    0x080001f2   0x080001f2   0x00000000   Code   RO          620    .ARM.Collect$$libinit$$00000023  c_w.l(libinit2.o)
    0x080001f2   0x080001f2   0x00000000   Code   RO          622    .ARM.Collect$$libinit$$00000025  c_w.l(libinit2.o)
    0x080001f2   0x080001f2   0x00000000   Code   RO          624    .ARM.Collect$$libinit$$00000027  c_w.l(libinit2.o)
    0x080001f2   0x080001f2   0x00000000   Code   RO          628    .ARM.Collect$$libinit$$0000002E  c_w.l(libinit2.o)
    0x080001f2   0x080001f2   0x00000000   Code   RO          630    .ARM.Collect$$libinit$$00000030  c_w.l(libinit2.o)
    0x080001f2   0x080001f2   0x00000000   Code   RO          632    .ARM.Collect$$libinit$$00000032  c_w.l(libinit2.o)
    0x080001f2   0x080001f2   0x00000000   Code   RO          634    .ARM.Collect$$libinit$$00000034  c_w.l(libinit2.o)
    0x080001f2   0x080001f2   0x00000002   Code   RO          635    .ARM.Collect$$libinit$$00000035  c_w.l(libinit2.o)
    0x080001f4   0x080001f4   0x00000002   Code   RO          659    .ARM.Collect$$libshutdown$$00000000  c_w.l(libshutdown.o)
    0x080001f6   0x080001f6   0x00000000   Code   RO          674    .ARM.Collect$$libshutdown$$00000002  c_w.l(libshutdown2.o)
    0x080001f6   0x080001f6   0x00000000   Code   RO          676    .ARM.Collect$$libshutdown$$00000004  c_w.l(libshutdown2.o)
    0x080001f6   0x080001f6   0x00000000   Code   RO          679    .ARM.Collect$$libshutdown$$00000007  c_w.l(libshutdown2.o)
    0x080001f6   0x080001f6   0x00000000   Code   RO          682    .ARM.Collect$$libshutdown$$0000000A  c_w.l(libshutdown2.o)
    0x080001f6   0x080001f6   0x00000000   Code   RO          684    .ARM.Collect$$libshutdown$$0000000C  c_w.l(libshutdown2.o)
    0x080001f6   0x080001f6   0x00000000   Code   RO          687    .ARM.Collect$$libshutdown$$0000000F  c_w.l(libshutdown2.o)
    0x080001f6   0x080001f6   0x00000002   Code   RO          688    .ARM.Collect$$libshutdown$$00000010  c_w.l(libshutdown2.o)
    0x080001f8   0x080001f8   0x00000000   Code   RO          384    .ARM.Collect$$rtentry$$00000000  c_w.l(__rtentry.o)
    0x080001f8   0x080001f8   0x00000000   Code   RO          490    .ARM.Collect$$rtentry$$00000002  c_w.l(__rtentry2.o)
    0x080001f8   0x080001f8   0x00000006   Code   RO          502    .ARM.Collect$$rtentry$$00000004  c_w.l(__rtentry4.o)
    0x080001fe   0x080001fe   0x00000000   Code   RO          492    .ARM.Collect$$rtentry$$00000009  c_w.l(__rtentry2.o)
    0x080001fe   0x080001fe   0x00000004   Code   RO          493    .ARM.Collect$$rtentry$$0000000A  c_w.l(__rtentry2.o)
    0x08000202   0x08000202   0x00000000   Code   RO          495    .ARM.Collect$$rtentry$$0000000C  c_w.l(__rtentry2.o)
    0x08000202   0x08000202   0x00000008   Code   RO          496    .ARM.Collect$$rtentry$$0000000D  c_w.l(__rtentry2.o)
    0x0800020a   0x0800020a   0x00000002   Code   RO          580    .ARM.Collect$$rtexit$$00000000  c_w.l(rtexit.o)
    0x0800020c   0x0800020c   0x00000000   Code   RO          637    .ARM.Collect$$rtexit$$00000002  c_w.l(rtexit2.o)
    0x0800020c   0x0800020c   0x00000004   Code   RO          638    .ARM.Collect$$rtexit$$00000003  c_w.l(rtexit2.o)
    0x08000210   0x08000210   0x00000006   Code   RO          639    .ARM.Collect$$rtexit$$00000004  c_w.l(rtexit2.o)
    0x08000216   0x08000216   0x00000002   PAD
    0x08000218   0x08000218   0x00000040   Code   RO          339  * .text               startup_stm32f10x_md.o
    0x08000258   0x08000258   0x0000002c   Code   RO          364    .text               c_w.l(sprintf.o)
    0x08000284   0x08000284   0x00000006   Code   RO          366    .text               c_w.l(heapauxi.o)
    0x0800028a   0x0800028a   0x0000004e   Code   RO          387    .text               c_w.l(_printf_pad.o)
    0x080002d8   0x080002d8   0x00000024   Code   RO          389    .text               c_w.l(_printf_truncate.o)
    0x080002fc   0x080002fc   0x00000052   Code   RO          391    .text               c_w.l(_printf_str.o)
    0x0800034e   0x0800034e   0x00000002   PAD
    0x08000350   0x08000350   0x00000078   Code   RO          393    .text               c_w.l(_printf_dec.o)
    0x080003c8   0x080003c8   0x00000028   Code   RO          395    .text               c_w.l(_printf_charcount.o)
    0x080003f0   0x080003f0   0x00000030   Code   RO          397    .text               c_w.l(_printf_char_common.o)
    0x08000420   0x08000420   0x0000000a   Code   RO          399    .text               c_w.l(_sputc.o)
    0x0800042a   0x0800042a   0x00000002   PAD
    0x0800042c   0x0800042c   0x000000bc   Code   RO          401    .text               c_w.l(_printf_wctomb.o)
    0x080004e8   0x080004e8   0x0000007c   Code   RO          404    .text               c_w.l(_printf_longlong_dec.o)
    0x08000564   0x08000564   0x00000070   Code   RO          410    .text               c_w.l(_printf_oct_int_ll.o)
    0x080005d4   0x080005d4   0x00000094   Code   RO          430    .text               c_w.l(_printf_hex_int_ll_ptr.o)
    0x08000668   0x08000668   0x00000188   Code   RO          450    .text               c_w.l(__printf_flags_ss_wp.o)
    0x080007f0   0x080007f0   0x0000008a   Code   RO          504    .text               c_w.l(lludiv10.o)
    0x0800087a   0x0800087a   0x000000b2   Code   RO          506    .text               c_w.l(_printf_intcommon.o)
    0x0800092c   0x0800092c   0x0000041c   Code   RO          508    .text               c_w.l(_printf_fp_dec.o)
    0x08000d48   0x08000d48   0x000002fc   Code   RO          512    .text               c_w.l(_printf_fp_hex.o)
    0x08001044   0x08001044   0x0000002c   Code   RO          517    .text               c_w.l(_printf_char.o)
    0x08001070   0x08001070   0x0000002c   Code   RO          519    .text               c_w.l(_printf_wchar.o)
    0x0800109c   0x0800109c   0x00000048   Code   RO          522    .text               c_w.l(_c16rtomb.o)
    0x080010e4   0x080010e4   0x0000004a   Code   RO          524    .text               c_w.l(sys_stackheap_outer.o)
    0x0800112e   0x0800112e   0x00000002   PAD
    0x08001130   0x08001130   0x00000010   Code   RO          526    .text               c_w.l(rt_ctype_table.o)
    0x08001140   0x08001140   0x00000008   Code   RO          531    .text               c_w.l(rt_locale_intlibspace.o)
    0x08001148   0x08001148   0x00000080   Code   RO          533    .text               c_w.l(_printf_fp_infnan.o)
    0x080011c8   0x080011c8   0x000000e4   Code   RO          535    .text               c_w.l(bigflt0.o)
    0x080012ac   0x080012ac   0x00000012   Code   RO          565    .text               c_w.l(exit.o)
    0x080012be   0x080012be   0x00000002   PAD
    0x080012c0   0x080012c0   0x00000008   Code   RO          577    .text               c_w.l(libspace.o)
    0x080012c8   0x080012c8   0x00000080   Code   RO          587    .text               c_w.l(strcmpv7m.o)
    0x08001348   0x08001348   0x0000000c   Code   RO          649    .text               c_w.l(sys_exit.o)
    0x08001354   0x08001354   0x00000002   Code   RO          664    .text               c_w.l(use_no_semi.o)
    0x08001356   0x08001356   0x00000000   Code   RO          666    .text               c_w.l(indicate_semi.o)
    0x08001356   0x08001356   0x00000002   PAD
    0x08001358   0x08001358   0x0000002e   Code   RO           14    .text.BH1750_Init   main.o
    0x08001386   0x08001386   0x00000002   PAD
    0x08001388   0x08001388   0x000000fe   Code   RO           16    .text.BH1750_ReadLight  main.o
    0x08001486   0x08001486   0x00000002   PAD
    0x08001488   0x08001488   0x00000080   Code   RO           10    .text.Config_I2C    main.o
    0x08001508   0x08001508   0x00000186   Code   RO           52    .text.GPIO_Init     stm32f10x_gpio.o
    0x0800168e   0x0800168e   0x00000002   PAD
    0x08001690   0x08001690   0x0000002c   Code   RO          107    .text.I2C_AcknowledgeConfig  stm32f10x_i2c.o
    0x080016bc   0x080016bc   0x00000054   Code   RO          145    .text.I2C_CheckEvent  stm32f10x_i2c.o
    0x08001710   0x08001710   0x0000002c   Code   RO           97    .text.I2C_Cmd       stm32f10x_i2c.o
    0x0800173c   0x0800173c   0x0000002c   Code   RO          103    .text.I2C_GenerateSTART  stm32f10x_i2c.o
    0x08001768   0x08001768   0x0000002c   Code   RO          105    .text.I2C_GenerateSTOP  stm32f10x_i2c.o
    0x08001794   0x08001794   0x000001aa   Code   RO           93    .text.I2C_Init      stm32f10x_i2c.o
    0x0800193e   0x0800193e   0x00000002   PAD
    0x08001940   0x08001940   0x0000000e   Code   RO          119    .text.I2C_ReceiveData  stm32f10x_i2c.o
    0x0800194e   0x0800194e   0x00000002   PAD
    0x08001950   0x08001950   0x0000003c   Code   RO          121    .text.I2C_Send7bitAddress  stm32f10x_i2c.o
    0x0800198c   0x0800198c   0x00000014   Code   RO          117    .text.I2C_SendData  stm32f10x_i2c.o
    0x080019a0   0x080019a0   0x0000009c   Code   RO           12    .text.I2C_WriteByte  main.o
    0x08001a3c   0x08001a3c   0x00000038   Code   RO          210    .text.RCC_APB1PeriphClockCmd  stm32f10x_rcc.o
    0x08001a74   0x08001a74   0x00000038   Code   RO          208    .text.RCC_APB2PeriphClockCmd  stm32f10x_rcc.o
    0x08001aac   0x08001aac   0x00000172   Code   RO          204    .text.RCC_GetClocksFreq  stm32f10x_rcc.o
    0x08001c1e   0x08001c1e   0x00000002   PAD
    0x08001c20   0x08001c20   0x00000008   Code   RO          348    .text.SetSysClock   system_stm32f10x.o
    0x08001c28   0x08001c28   0x00000122   Code   RO          352    .text.SetSysClockTo72  system_stm32f10x.o
    0x08001d4a   0x08001d4a   0x00000002   PAD
    0x08001d4c   0x08001d4c   0x00000066   Code   RO          346    .text.SystemInit    system_stm32f10x.o
    0x08001db2   0x08001db2   0x00000002   PAD
    0x08001db4   0x08001db4   0x00000032   Code   RO            6    .text.USART1_SendChar  main.o
    0x08001de6   0x08001de6   0x00000002   PAD
    0x08001de8   0x08001de8   0x00000022   Code   RO            8    .text.USART1_SendString  main.o
    0x08001e0a   0x08001e0a   0x00000002   PAD
    0x08001e0c   0x08001e0c   0x0000002c   Code   RO          282    .text.USART_Cmd     stm32f10x_usart.o
    0x08001e38   0x08001e38   0x00000044   Code   RO          322    .text.USART_GetFlagStatus  stm32f10x_usart.o
    0x08001e7c   0x08001e7c   0x0000015c   Code   RO          274    .text.USART_Init    stm32f10x_usart.o
    0x08001fd8   0x08001fd8   0x00000018   Code   RO          298    .text.USART_SendData  stm32f10x_usart.o
    0x08001ff0   0x08001ff0   0x0000008a   Code   RO            4    .text.config_uart   main.o
    0x0800207a   0x0800207a   0x00000002   PAD
    0x0800207c   0x0800207c   0x0000006e   Code   RO            2    .text.delay_ms      main.o
    0x080020ea   0x080020ea   0x00000002   PAD
    0x080020ec   0x080020ec   0x0000006c   Code   RO           18    .text.main          main.o
    0x08002158   0x08002158   0x0000003e   Code   RO          538    CL$$btod_d2e        c_w.l(btod.o)
    0x08002196   0x08002196   0x00000046   Code   RO          540    CL$$btod_d2e_denorm_low  c_w.l(btod.o)
    0x080021dc   0x080021dc   0x00000060   Code   RO          539    CL$$btod_d2e_norm_op1  c_w.l(btod.o)
    0x0800223c   0x0800223c   0x00000338   Code   RO          548    CL$$btod_div_common  c_w.l(btod.o)
    0x08002574   0x08002574   0x000000dc   Code   RO          545    CL$$btod_e2e        c_w.l(btod.o)
    0x08002650   0x08002650   0x0000002a   Code   RO          542    CL$$btod_ediv       c_w.l(btod.o)
    0x0800267a   0x0800267a   0x0000002a   Code   RO          541    CL$$btod_emul       c_w.l(btod.o)
    0x080026a4   0x080026a4   0x00000244   Code   RO          547    CL$$btod_mult_common  c_w.l(btod.o)
    0x080028e8   0x080028e8   0x00000028   Code   RO          575    i.__ARM_fpclassify  m_ws.l(fpclassify.o)
    0x08002910   0x08002910   0x0000000e   Code   RO          443    i._is_digit         c_w.l(__printf_wp.o)
    0x0800291e   0x0800291e   0x00000002   PAD
    0x08002920   0x08002920   0x0000002c   Code   RO          563    locale$$code        c_w.l(lc_numeric_c.o)
    0x0800294c   0x0800294c   0x0000002c   Code   RO          585    locale$$code        c_w.l(lc_ctype_c.o)
    0x08002978   0x08002978   0x000002b4   Code   RO          371    x$fpl$ddiv          fz_ws.l(ddiv.o)
    0x08002c2c   0x08002c2c   0x0000005e   Code   RO          374    x$fpl$dfix          fz_ws.l(dfix.o)
    0x08002c8a   0x08002c8a   0x0000002e   Code   RO          379    x$fpl$dflt          fz_ws.l(dflt_clz.o)
    0x08002cb8   0x08002cb8   0x0000009c   Code   RO          476    x$fpl$dnaninf       fz_ws.l(dnaninf.o)
    0x08002d54   0x08002d54   0x0000000c   Code   RO          478    x$fpl$dretinf       fz_ws.l(dretinf.o)
    0x08002d60   0x08002d60   0x00000004   Code   RO          480    x$fpl$printf1       fz_ws.l(printf1.o)
    0x08002d64   0x08002d64   0x00000004   Code   RO          482    x$fpl$printf2       fz_ws.l(printf2.o)
    0x08002d68   0x08002d68   0x00000000   Code   RO          488    x$fpl$usenofp       fz_ws.l(usenofp.o)
    0x08002d68   0x08002d68   0x00000008   Data   RO          402    .constdata          c_w.l(_printf_wctomb.o)
    0x08002d70   0x08002d70   0x00000028   Data   RO          431    .constdata          c_w.l(_printf_hex_int_ll_ptr.o)
    0x08002d98   0x08002d98   0x00000011   Data   RO          451    .constdata          c_w.l(__printf_flags_ss_wp.o)
    0x08002da9   0x08002da9   0x00000026   Data   RO          513    .constdata          c_w.l(_printf_fp_hex.o)
    0x08002dcf   0x08002dcf   0x00000001   PAD
    0x08002dd0   0x08002dd0   0x00000094   Data   RO          536    .constdata          c_w.l(bigflt0.o)
    0x08002e64   0x08002e64   0x00000004   Data   RO          229    .rodata.ADCPrescTable  stm32f10x_rcc.o
    0x08002e68   0x08002e68   0x00000010   Data   RO          228    .rodata.APBAHBPrescTable  stm32f10x_rcc.o
    0x08002e78   0x08002e78   0x00000026   Data   RO           20    .rodata.str1.1      main.o
    0x08002e9e   0x08002e9e   0x00000002   PAD
    0x08002ea0   0x08002ea0   0x00000010   Data   RO          722    Region$$Table       anon$$obj.o
    0x08002eb0   0x08002eb0   0x0000001c   Data   RO          562    locale$$data        c_w.l(lc_numeric_c.o)
    0x08002ecc   0x08002ecc   0x00000110   Data   RO          584    locale$$data        c_w.l(lc_ctype_c.o)


    Execution Region ER_RW (Exec base: 0x20000000, Load base: 0x08002fdc, Size: 0x00000000, Max: 0xffffffff, ABSOLUTE)

    **** No section assigned to this execution region ****


    Execution Region ER_ZI (Exec base: 0x20000000, Load base: 0x08002fdc, Size: 0x00000690, Max: 0xffffffff, ABSOLUTE)

    Exec Addr    Load Addr    Size         Type   Attr      Idx    E Section Name        Object

    0x20000000        -       0x00000060   Zero   RW          578    .bss                c_w.l(libspace.o)
    0x20000060        -       0x00000028   Zero   RW           22    .bss.buffer         main.o
    0x20000088        -       0x00000002   Zero   RW           21    .bss.rv             main.o
    0x2000008a   0x08002fdc   0x00000006   PAD
    0x20000090        -       0x00000200   Zero   RW          337    HEAP                startup_stm32f10x_md.o
    0x20000290        -       0x00000400   Zero   RW          336    STACK               startup_stm32f10x_md.o


==============================================================================

Image component sizes


      Code (inc. data)   RO Data    RW Data    ZI Data      Debug   Object Name

      1024          0         38          0         42       4526   main.o
        64         26        236          0       1536        816   startup_stm32f10x_md.o
       390          0          0          0          0       5665   stm32f10x_gpio.o
       780          0          0          0          0       7835   stm32f10x_i2c.o
       482          0         20          0          0       6984   stm32f10x_rcc.o
       484          0          0          0          0       7457   stm32f10x_usart.o
       400          0          0          0          0       2939   system_stm32f10x.o

    ----------------------------------------------------------------------
      3648         26        312          0       1584      36222   Object Totals
         0          0         16          0          0          0   (incl. Generated)
        24          0          2          0          6          0   (incl. Padding)

    ----------------------------------------------------------------------

      Code (inc. data)   RO Data    RW Data    ZI Data      Debug   Library Member Name

         8          0          0          0          0         68   __main.o
       392          4         17          0          0         92   __printf_flags_ss_wp.o
        14          0          0          0          0         68   __printf_wp.o
         0          0          0          0          0          0   __rtentry.o
        12          0          0          0          0          0   __rtentry2.o
         6          0          0          0          0          0   __rtentry4.o
        52          8          0          0          0          0   __scatter.o
        28          0          0          0          0          0   __scatter_zi.o
        72          0          0          0          0         96   _c16rtomb.o
         6          0          0          0          0          0   _printf_a.o
         6          0          0          0          0          0   _printf_c.o
        44          0          0          0          0        108   _printf_char.o
        48          6          0          0          0         96   _printf_char_common.o
        40          0          0          0          0         68   _printf_charcount.o
         6          0          0          0          0          0   _printf_d.o
       120         16          0          0          0         92   _printf_dec.o
         6          0          0          0          0          0   _printf_e.o
         6          0          0          0          0          0   _printf_f.o
      1052          0          0          0          0        148   _printf_fp_dec.o
       764          8         38          0          0        100   _printf_fp_hex.o
       128         16          0          0          0         84   _printf_fp_infnan.o
         6          0          0          0          0          0   _printf_g.o
       148          4         40          0          0        160   _printf_hex_int_ll_ptr.o
         6          0          0          0          0          0   _printf_i.o
       178          0          0          0          0         88   _printf_intcommon.o
        10          0          0          0          0          0   _printf_l.o
         6          0          0          0          0          0   _printf_lc.o
        10          0          0          0          0          0   _printf_ll.o
         6          0          0          0          0          0   _printf_lld.o
         6          0          0          0          0          0   _printf_lli.o
         6          0          0          0          0          0   _printf_llo.o
         6          0          0          0          0          0   _printf_llu.o
         6          0          0          0          0          0   _printf_llx.o
       124         16          0          0          0         92   _printf_longlong_dec.o
         6          0          0          0          0          0   _printf_ls.o
         6          0          0          0          0          0   _printf_n.o
         6          0          0          0          0          0   _printf_o.o
       112          8          0          0          0        124   _printf_oct_int_ll.o
         6          0          0          0          0          0   _printf_p.o
        78          0          0          0          0        108   _printf_pad.o
         0          0          0          0          0          0   _printf_percent.o
         4          0          0          0          0          0   _printf_percent_end.o
         6          0          0          0          0          0   _printf_s.o
        82          0          0          0          0         80   _printf_str.o
        36          0          0          0          0         84   _printf_truncate.o
         6          0          0          0          0          0   _printf_u.o
        44          0          0          0          0        108   _printf_wchar.o
       188          6          8          0          0         92   _printf_wctomb.o
         6          0          0          0          0          0   _printf_x.o
        10          0          0          0          0         68   _sputc.o
       228          4        148          0          0         96   bigflt0.o
      1936        128          0          0          0        668   btod.o
        18          0          0          0          0         80   exit.o
         6          0          0          0          0        152   heapauxi.o
         0          0          0          0          0          0   indicate_semi.o
        44         10        272          0          0         76   lc_ctype_c.o
        44         10         28          0          0         76   lc_numeric_c.o
         2          0          0          0          0          0   libinit.o
        30          0          0          0          0          0   libinit2.o
         2          0          0          0          0          0   libshutdown.o
         2          0          0          0          0          0   libshutdown2.o
         8          4          0          0         96         68   libspace.o
       138          0          0          0          0         80   lludiv10.o
        16          4          0          0          0         76   rt_ctype_table.o
         8          4          0          0          0         68   rt_locale_intlibspace.o
         2          0          0          0          0          0   rtexit.o
        10          0          0          0          0          0   rtexit2.o
        44          6          0          0          0         84   sprintf.o
       128          0          0          0          0         68   strcmpv7m.o
        12          4          0          0          0         68   sys_exit.o
        74          0          0          0          0         80   sys_stackheap_outer.o
         2          0          0          0          0         68   use_no_semi.o
       692        140          0          0          0        216   ddiv.o
        94          4          0          0          0         92   dfix.o
        46          0          0          0          0         68   dflt_clz.o
       156          4          0          0          0         92   dnaninf.o
        12          0          0          0          0         68   dretinf.o
         4          0          0          0          0         68   printf1.o
         4          0          0          0          0         68   printf2.o
         0          0          0          0          0          0   usenofp.o
        40          0          0          0          0         68   fpclassify.o

    ----------------------------------------------------------------------
      7740        414        552          0         96       4572   Library Totals
        14          0          1          0          0          0   (incl. Padding)

    ----------------------------------------------------------------------

      Code (inc. data)   RO Data    RW Data    ZI Data      Debug   Library Name

      6678        266        551          0         96       3832   c_w.l
      1008        148          0          0          0        672   fz_ws.l
        40          0          0          0          0         68   m_ws.l

    ----------------------------------------------------------------------
      7740        414        552          0         96       4572   Library Totals

    ----------------------------------------------------------------------

==============================================================================


      Code (inc. data)   RO Data    RW Data    ZI Data      Debug   

     11388        440        864          0       1680      38230   Grand Totals
     11388        440        864          0       1680      38230   ELF Image Totals
     11388        440        864          0          0          0   ROM Totals

==============================================================================

    Total RO  Size (Code + RO Data)                12252 (  11.96kB)
    Total RW  Size (RW Data + ZI Data)              1680 (   1.64kB)
    Total ROM Size (Code + RO Data + RW Data)      12252 (  11.96kB)

==============================================================================

